ARM GAS  C:\Users\johnn\AppData\Local\Temp\ccqItU3F.s 			page 1


   1              		.syntax unified
   2              		.cpu cortex-m0
   3              		.fpu softvfp
   4              		.eabi_attribute 20, 1
   5              		.eabi_attribute 21, 1
   6              		.eabi_attribute 23, 3
   7              		.eabi_attribute 24, 1
   8              		.eabi_attribute 25, 1
   9              		.eabi_attribute 26, 1
  10              		.eabi_attribute 30, 1
  11              		.eabi_attribute 34, 0
  12              		.eabi_attribute 18, 4
  13              		.thumb
  14              		.syntax unified
  15              		.file	"cyfitter_cfg.c"
  16              		.text
  17              	.Ltext0:
  18              		.cfi_sections	.debug_frame
  19              		.section	.text.AnalogSetDefault,"ax",%progbits
  20              		.align	2
  21              		.code	16
  22              		.thumb_func
  23              		.type	AnalogSetDefault, %function
  24              	AnalogSetDefault:
  25              	.LFB6:
  26              		.file 1 "Generated_Source\\PSoC4\\cyfitter_cfg.c"
   1:Generated_Source\PSoC4/cyfitter_cfg.c **** 
   2:Generated_Source\PSoC4/cyfitter_cfg.c **** /*******************************************************************************
   3:Generated_Source\PSoC4/cyfitter_cfg.c **** * File Name: cyfitter_cfg.c
   4:Generated_Source\PSoC4/cyfitter_cfg.c **** * 
   5:Generated_Source\PSoC4/cyfitter_cfg.c **** * PSoC Creator  4.2
   6:Generated_Source\PSoC4/cyfitter_cfg.c **** *
   7:Generated_Source\PSoC4/cyfitter_cfg.c **** * Description:
   8:Generated_Source\PSoC4/cyfitter_cfg.c **** * This file contains device initialization code.
   9:Generated_Source\PSoC4/cyfitter_cfg.c **** * Except for the user defined sections in CyClockStartupError(), this file should not be modified.
  10:Generated_Source\PSoC4/cyfitter_cfg.c **** * This file is automatically generated by PSoC Creator.
  11:Generated_Source\PSoC4/cyfitter_cfg.c **** *
  12:Generated_Source\PSoC4/cyfitter_cfg.c **** ********************************************************************************
  13:Generated_Source\PSoC4/cyfitter_cfg.c **** * Copyright (c) 2007-2018 Cypress Semiconductor.  All rights reserved.
  14:Generated_Source\PSoC4/cyfitter_cfg.c **** * You may use this file only in accordance with the license, terms, conditions, 
  15:Generated_Source\PSoC4/cyfitter_cfg.c **** * disclaimers, and limitations in the end user license agreement accompanying 
  16:Generated_Source\PSoC4/cyfitter_cfg.c **** * the software package with which this file was provided.
  17:Generated_Source\PSoC4/cyfitter_cfg.c **** ********************************************************************************/
  18:Generated_Source\PSoC4/cyfitter_cfg.c **** 
  19:Generated_Source\PSoC4/cyfitter_cfg.c **** #include <string.h>
  20:Generated_Source\PSoC4/cyfitter_cfg.c **** #include "cytypes.h"
  21:Generated_Source\PSoC4/cyfitter_cfg.c **** #include "cydevice_trm.h"
  22:Generated_Source\PSoC4/cyfitter_cfg.c **** #include "cyfitter.h"
  23:Generated_Source\PSoC4/cyfitter_cfg.c **** #include "CyLib.h"
  24:Generated_Source\PSoC4/cyfitter_cfg.c **** #include "CyLFClk.h"
  25:Generated_Source\PSoC4/cyfitter_cfg.c **** #include "cyfitter_cfg.h"
  26:Generated_Source\PSoC4/cyfitter_cfg.c **** #include "cyapicallbacks.h"
  27:Generated_Source\PSoC4/cyfitter_cfg.c **** 
  28:Generated_Source\PSoC4/cyfitter_cfg.c **** 
  29:Generated_Source\PSoC4/cyfitter_cfg.c **** #if defined(__GNUC__) || defined(__ARMCC_VERSION)
  30:Generated_Source\PSoC4/cyfitter_cfg.c ****     #define CYPACKED 
  31:Generated_Source\PSoC4/cyfitter_cfg.c ****     #define CYPACKED_ATTR __attribute__ ((packed))
ARM GAS  C:\Users\johnn\AppData\Local\Temp\ccqItU3F.s 			page 2


  32:Generated_Source\PSoC4/cyfitter_cfg.c ****     #define CYALIGNED __attribute__ ((aligned))
  33:Generated_Source\PSoC4/cyfitter_cfg.c ****     #define CY_CFG_UNUSED __attribute__ ((unused))
  34:Generated_Source\PSoC4/cyfitter_cfg.c ****     #ifndef CY_CFG_SECTION
  35:Generated_Source\PSoC4/cyfitter_cfg.c ****         #define CY_CFG_SECTION __attribute__ ((section(".psocinit")))
  36:Generated_Source\PSoC4/cyfitter_cfg.c ****     #endif
  37:Generated_Source\PSoC4/cyfitter_cfg.c ****     
  38:Generated_Source\PSoC4/cyfitter_cfg.c ****     #if defined(__ARMCC_VERSION)
  39:Generated_Source\PSoC4/cyfitter_cfg.c ****         #define CY_CFG_MEMORY_BARRIER() __memory_changed()
  40:Generated_Source\PSoC4/cyfitter_cfg.c ****     #else
  41:Generated_Source\PSoC4/cyfitter_cfg.c ****         #define CY_CFG_MEMORY_BARRIER() __sync_synchronize()
  42:Generated_Source\PSoC4/cyfitter_cfg.c ****     #endif
  43:Generated_Source\PSoC4/cyfitter_cfg.c ****     
  44:Generated_Source\PSoC4/cyfitter_cfg.c **** #elif defined(__ICCARM__)
  45:Generated_Source\PSoC4/cyfitter_cfg.c ****     #include <intrinsics.h>
  46:Generated_Source\PSoC4/cyfitter_cfg.c **** 
  47:Generated_Source\PSoC4/cyfitter_cfg.c ****     #define CYPACKED __packed
  48:Generated_Source\PSoC4/cyfitter_cfg.c ****     #define CYPACKED_ATTR 
  49:Generated_Source\PSoC4/cyfitter_cfg.c ****     #define CYALIGNED _Pragma("data_alignment=4")
  50:Generated_Source\PSoC4/cyfitter_cfg.c ****     #define CY_CFG_UNUSED _Pragma("diag_suppress=Pe177")
  51:Generated_Source\PSoC4/cyfitter_cfg.c ****     #define CY_CFG_SECTION _Pragma("location=\".psocinit\"")
  52:Generated_Source\PSoC4/cyfitter_cfg.c ****     
  53:Generated_Source\PSoC4/cyfitter_cfg.c ****     #define CY_CFG_MEMORY_BARRIER() __DMB()
  54:Generated_Source\PSoC4/cyfitter_cfg.c ****     
  55:Generated_Source\PSoC4/cyfitter_cfg.c **** #else
  56:Generated_Source\PSoC4/cyfitter_cfg.c ****     #error Unsupported toolchain
  57:Generated_Source\PSoC4/cyfitter_cfg.c **** #endif
  58:Generated_Source\PSoC4/cyfitter_cfg.c **** 
  59:Generated_Source\PSoC4/cyfitter_cfg.c **** #ifndef CYCODE
  60:Generated_Source\PSoC4/cyfitter_cfg.c ****     #define CYCODE
  61:Generated_Source\PSoC4/cyfitter_cfg.c **** #endif
  62:Generated_Source\PSoC4/cyfitter_cfg.c **** #ifndef CYDATA
  63:Generated_Source\PSoC4/cyfitter_cfg.c ****     #define CYDATA
  64:Generated_Source\PSoC4/cyfitter_cfg.c **** #endif
  65:Generated_Source\PSoC4/cyfitter_cfg.c **** #ifndef CYFAR
  66:Generated_Source\PSoC4/cyfitter_cfg.c ****     #define CYFAR
  67:Generated_Source\PSoC4/cyfitter_cfg.c **** #endif
  68:Generated_Source\PSoC4/cyfitter_cfg.c **** #ifndef CYXDATA
  69:Generated_Source\PSoC4/cyfitter_cfg.c ****     #define CYXDATA
  70:Generated_Source\PSoC4/cyfitter_cfg.c **** #endif
  71:Generated_Source\PSoC4/cyfitter_cfg.c **** 
  72:Generated_Source\PSoC4/cyfitter_cfg.c **** 
  73:Generated_Source\PSoC4/cyfitter_cfg.c **** CY_CFG_UNUSED
  74:Generated_Source\PSoC4/cyfitter_cfg.c **** static void CYMEMZERO(void *s, size_t n);
  75:Generated_Source\PSoC4/cyfitter_cfg.c **** CY_CFG_UNUSED
  76:Generated_Source\PSoC4/cyfitter_cfg.c **** static void CYMEMZERO(void *s, size_t n)
  77:Generated_Source\PSoC4/cyfitter_cfg.c **** {
  78:Generated_Source\PSoC4/cyfitter_cfg.c **** 	(void)memset(s, 0, n);
  79:Generated_Source\PSoC4/cyfitter_cfg.c **** }
  80:Generated_Source\PSoC4/cyfitter_cfg.c **** CY_CFG_UNUSED
  81:Generated_Source\PSoC4/cyfitter_cfg.c **** static void CYCONFIGCPY(void *dest, const void *src, size_t n);
  82:Generated_Source\PSoC4/cyfitter_cfg.c **** CY_CFG_UNUSED
  83:Generated_Source\PSoC4/cyfitter_cfg.c **** static void CYCONFIGCPY(void *dest, const void *src, size_t n)
  84:Generated_Source\PSoC4/cyfitter_cfg.c **** {
  85:Generated_Source\PSoC4/cyfitter_cfg.c **** 	(void)memcpy(dest, src, n);
  86:Generated_Source\PSoC4/cyfitter_cfg.c **** }
  87:Generated_Source\PSoC4/cyfitter_cfg.c **** CY_CFG_UNUSED
  88:Generated_Source\PSoC4/cyfitter_cfg.c **** static void CYCONFIGCPYCODE(void *dest, const void *src, size_t n);
ARM GAS  C:\Users\johnn\AppData\Local\Temp\ccqItU3F.s 			page 3


  89:Generated_Source\PSoC4/cyfitter_cfg.c **** CY_CFG_UNUSED
  90:Generated_Source\PSoC4/cyfitter_cfg.c **** static void CYCONFIGCPYCODE(void *dest, const void *src, size_t n)
  91:Generated_Source\PSoC4/cyfitter_cfg.c **** {
  92:Generated_Source\PSoC4/cyfitter_cfg.c **** 	(void)memcpy(dest, src, n);
  93:Generated_Source\PSoC4/cyfitter_cfg.c **** }
  94:Generated_Source\PSoC4/cyfitter_cfg.c **** 
  95:Generated_Source\PSoC4/cyfitter_cfg.c **** 
  96:Generated_Source\PSoC4/cyfitter_cfg.c **** 
  97:Generated_Source\PSoC4/cyfitter_cfg.c **** 
  98:Generated_Source\PSoC4/cyfitter_cfg.c **** /* Clock startup error codes                                                   */
  99:Generated_Source\PSoC4/cyfitter_cfg.c **** #define CYCLOCKSTART_NO_ERROR    0u
 100:Generated_Source\PSoC4/cyfitter_cfg.c **** #define CYCLOCKSTART_XTAL_ERROR  1u
 101:Generated_Source\PSoC4/cyfitter_cfg.c **** #define CYCLOCKSTART_32KHZ_ERROR 2u
 102:Generated_Source\PSoC4/cyfitter_cfg.c **** #define CYCLOCKSTART_PLL_ERROR   3u
 103:Generated_Source\PSoC4/cyfitter_cfg.c **** #define CYCLOCKSTART_FLL_ERROR   4u
 104:Generated_Source\PSoC4/cyfitter_cfg.c **** #define CYCLOCKSTART_WCO_ERROR   5u
 105:Generated_Source\PSoC4/cyfitter_cfg.c **** 
 106:Generated_Source\PSoC4/cyfitter_cfg.c **** 
 107:Generated_Source\PSoC4/cyfitter_cfg.c **** #ifdef CY_NEED_CYCLOCKSTARTUPERROR
 108:Generated_Source\PSoC4/cyfitter_cfg.c **** /*******************************************************************************
 109:Generated_Source\PSoC4/cyfitter_cfg.c **** * Function Name: CyClockStartupError
 110:Generated_Source\PSoC4/cyfitter_cfg.c **** ********************************************************************************
 111:Generated_Source\PSoC4/cyfitter_cfg.c **** * Summary:
 112:Generated_Source\PSoC4/cyfitter_cfg.c **** *  If an error is encountered during clock configuration (crystal startup error,
 113:Generated_Source\PSoC4/cyfitter_cfg.c **** *  PLL lock error, etc.), the system will end up here.  Unless reimplemented by
 114:Generated_Source\PSoC4/cyfitter_cfg.c **** *  the customer, this function will stop in an infinite loop.
 115:Generated_Source\PSoC4/cyfitter_cfg.c **** *
 116:Generated_Source\PSoC4/cyfitter_cfg.c **** * Parameters:
 117:Generated_Source\PSoC4/cyfitter_cfg.c **** *   void
 118:Generated_Source\PSoC4/cyfitter_cfg.c **** *
 119:Generated_Source\PSoC4/cyfitter_cfg.c **** * Return:
 120:Generated_Source\PSoC4/cyfitter_cfg.c **** *   void
 121:Generated_Source\PSoC4/cyfitter_cfg.c **** *
 122:Generated_Source\PSoC4/cyfitter_cfg.c **** *******************************************************************************/
 123:Generated_Source\PSoC4/cyfitter_cfg.c **** CY_CFG_UNUSED
 124:Generated_Source\PSoC4/cyfitter_cfg.c **** static void CyClockStartupError(uint8 errorCode);
 125:Generated_Source\PSoC4/cyfitter_cfg.c **** CY_CFG_UNUSED
 126:Generated_Source\PSoC4/cyfitter_cfg.c **** static void CyClockStartupError(uint8 errorCode)
 127:Generated_Source\PSoC4/cyfitter_cfg.c **** {
 128:Generated_Source\PSoC4/cyfitter_cfg.c ****     /* To remove the compiler warning if errorCode not used.                */
 129:Generated_Source\PSoC4/cyfitter_cfg.c ****     errorCode = errorCode;
 130:Generated_Source\PSoC4/cyfitter_cfg.c **** 
 131:Generated_Source\PSoC4/cyfitter_cfg.c ****     /* If we have a clock startup error (bad MHz crystal, PLL lock, etc.),  */
 132:Generated_Source\PSoC4/cyfitter_cfg.c ****     /* we will end up here to allow the customer to implement something to  */
 133:Generated_Source\PSoC4/cyfitter_cfg.c ****     /* deal with the clock condition.                                       */
 134:Generated_Source\PSoC4/cyfitter_cfg.c **** 
 135:Generated_Source\PSoC4/cyfitter_cfg.c **** #ifdef CY_CFG_CLOCK_STARTUP_ERROR_CALLBACK
 136:Generated_Source\PSoC4/cyfitter_cfg.c ****     CY_CFG_Clock_Startup_ErrorCallback();
 137:Generated_Source\PSoC4/cyfitter_cfg.c **** #else
 138:Generated_Source\PSoC4/cyfitter_cfg.c ****     /*  If not using CY_CFG_CLOCK_STARTUP_ERROR_CALLBACK, place your clock startup code here. */
 139:Generated_Source\PSoC4/cyfitter_cfg.c ****     /* `#START CyClockStartupError` */
 140:Generated_Source\PSoC4/cyfitter_cfg.c **** 
 141:Generated_Source\PSoC4/cyfitter_cfg.c **** 
 142:Generated_Source\PSoC4/cyfitter_cfg.c **** 
 143:Generated_Source\PSoC4/cyfitter_cfg.c ****     /* `#END` */
 144:Generated_Source\PSoC4/cyfitter_cfg.c **** 
 145:Generated_Source\PSoC4/cyfitter_cfg.c ****     while(1) {}
ARM GAS  C:\Users\johnn\AppData\Local\Temp\ccqItU3F.s 			page 4


 146:Generated_Source\PSoC4/cyfitter_cfg.c **** #endif /* CY_CFG_CLOCK_STARTUP_ERROR_CALLBACK */
 147:Generated_Source\PSoC4/cyfitter_cfg.c **** }
 148:Generated_Source\PSoC4/cyfitter_cfg.c **** #endif
 149:Generated_Source\PSoC4/cyfitter_cfg.c **** 
 150:Generated_Source\PSoC4/cyfitter_cfg.c **** 
 151:Generated_Source\PSoC4/cyfitter_cfg.c **** 
 152:Generated_Source\PSoC4/cyfitter_cfg.c **** /*******************************************************************************
 153:Generated_Source\PSoC4/cyfitter_cfg.c **** * Function Name: ClockSetup
 154:Generated_Source\PSoC4/cyfitter_cfg.c **** ********************************************************************************
 155:Generated_Source\PSoC4/cyfitter_cfg.c **** *
 156:Generated_Source\PSoC4/cyfitter_cfg.c **** * Summary:
 157:Generated_Source\PSoC4/cyfitter_cfg.c **** *   Performs the initialization of all of the clocks in the device based on the
 158:Generated_Source\PSoC4/cyfitter_cfg.c **** *   settings in the Clock tab of the DWR.  This includes enabling the requested
 159:Generated_Source\PSoC4/cyfitter_cfg.c **** *   clocks and setting the necessary dividers to produce the desired frequency. 
 160:Generated_Source\PSoC4/cyfitter_cfg.c **** *
 161:Generated_Source\PSoC4/cyfitter_cfg.c **** * Parameters:
 162:Generated_Source\PSoC4/cyfitter_cfg.c **** *   void
 163:Generated_Source\PSoC4/cyfitter_cfg.c **** *
 164:Generated_Source\PSoC4/cyfitter_cfg.c **** * Return:
 165:Generated_Source\PSoC4/cyfitter_cfg.c **** *   void
 166:Generated_Source\PSoC4/cyfitter_cfg.c **** *
 167:Generated_Source\PSoC4/cyfitter_cfg.c **** *******************************************************************************/
 168:Generated_Source\PSoC4/cyfitter_cfg.c **** static void ClockSetup(void);
 169:Generated_Source\PSoC4/cyfitter_cfg.c **** CY_CFG_SECTION
 170:Generated_Source\PSoC4/cyfitter_cfg.c **** static void ClockSetup(void)
 171:Generated_Source\PSoC4/cyfitter_cfg.c **** {
 172:Generated_Source\PSoC4/cyfitter_cfg.c **** 
 173:Generated_Source\PSoC4/cyfitter_cfg.c **** 	/* Set Flash Cycles based on max possible frequency in case a glitch occurs during ClockSetup(). *
 174:Generated_Source\PSoC4/cyfitter_cfg.c **** 	CY_SET_REG32((void CYXDATA *)(CYREG_CPUSS_FLASH_CTL), (0x0012u));
 175:Generated_Source\PSoC4/cyfitter_cfg.c **** 
 176:Generated_Source\PSoC4/cyfitter_cfg.c **** 	/* Start the WCO */
 177:Generated_Source\PSoC4/cyfitter_cfg.c **** 	CySysClkWcoStart();
 178:Generated_Source\PSoC4/cyfitter_cfg.c **** 	CyDelayCycles(12000000u); /* WCO may take up to 500ms to start */
 179:Generated_Source\PSoC4/cyfitter_cfg.c **** 	(void)CySysClkWcoSetPowerMode(CY_SYS_CLK_WCO_LPM);    /* Switch to the low power mode */
 180:Generated_Source\PSoC4/cyfitter_cfg.c **** 
 181:Generated_Source\PSoC4/cyfitter_cfg.c **** 	/* Setup and trim IMO based on desired frequency. */
 182:Generated_Source\PSoC4/cyfitter_cfg.c **** 	CySysClkWriteImoFreq(48u);
 183:Generated_Source\PSoC4/cyfitter_cfg.c **** 	/* CYDEV_CLK_ILO_CONFIG Starting address: CYDEV_CLK_ILO_CONFIG */
 184:Generated_Source\PSoC4/cyfitter_cfg.c **** 	CY_SET_REG32((void *)(CYREG_CLK_ILO_CONFIG), 0x80000006u);
 185:Generated_Source\PSoC4/cyfitter_cfg.c **** 
 186:Generated_Source\PSoC4/cyfitter_cfg.c **** 	/* CYDEV_WDT_CONFIG Starting address: CYDEV_WDT_CONFIG */
 187:Generated_Source\PSoC4/cyfitter_cfg.c **** 	CY_SET_REG32((void *)(CYREG_WDT_CONFIG), 0x40000000u);
 188:Generated_Source\PSoC4/cyfitter_cfg.c **** 
 189:Generated_Source\PSoC4/cyfitter_cfg.c **** 
 190:Generated_Source\PSoC4/cyfitter_cfg.c **** 	/* Enable fast start mode for XO */
 191:Generated_Source\PSoC4/cyfitter_cfg.c **** 	CY_SET_REG32((void*)CYREG_BLE_BLERD_BB_XO, CY_GET_REG32((void*)CYREG_BLE_BLERD_BB_XO) | (uint32)0x
 192:Generated_Source\PSoC4/cyfitter_cfg.c **** 	CY_SET_REG32((void *)(CYREG_BLE_BLERD_BB_XO_CAPTRIM), 0x00006666u);
 193:Generated_Source\PSoC4/cyfitter_cfg.c **** 	/*Set XTAL(ECO) divider*/
 194:Generated_Source\PSoC4/cyfitter_cfg.c **** 	CY_SET_REG32((void *)(CYREG_BLE_BLESS_XTAL_CLK_DIV_CONFIG), 0x00000000u);
 195:Generated_Source\PSoC4/cyfitter_cfg.c **** 	/* Disable Crystal Stable Interrupt before enabling ECO */
 196:Generated_Source\PSoC4/cyfitter_cfg.c **** 	CY_SET_REG32((void*)CYREG_BLE_BLESS_LL_DSM_CTRL, CY_GET_REG32((void*)CYREG_BLE_BLESS_LL_DSM_CTRL) 
 197:Generated_Source\PSoC4/cyfitter_cfg.c **** 	/* Start the ECO and do not check status since it is not needed for HFCLK */
 198:Generated_Source\PSoC4/cyfitter_cfg.c **** 	(void)CySysClkEcoStart(2000u);
 199:Generated_Source\PSoC4/cyfitter_cfg.c **** 	CyDelayUs(1500u); /* Wait to stabilize */
 200:Generated_Source\PSoC4/cyfitter_cfg.c **** 
 201:Generated_Source\PSoC4/cyfitter_cfg.c **** 	/* Setup phase aligned clocks */
 202:Generated_Source\PSoC4/cyfitter_cfg.c **** 	CY_SET_REG32((void *)CYREG_PERI_DIV_16_CTL0, 0x00001D00u);
ARM GAS  C:\Users\johnn\AppData\Local\Temp\ccqItU3F.s 			page 5


 203:Generated_Source\PSoC4/cyfitter_cfg.c **** 	CY_SET_REG32((void *)CYREG_PERI_DIV_CMD, 0x8000FF40u);
 204:Generated_Source\PSoC4/cyfitter_cfg.c **** 
 205:Generated_Source\PSoC4/cyfitter_cfg.c **** 	/* CYDEV_CLK_IMO_CONFIG Starting address: CYDEV_CLK_IMO_CONFIG */
 206:Generated_Source\PSoC4/cyfitter_cfg.c **** 	CY_SET_REG32((void *)(CYREG_CLK_IMO_CONFIG), 0x80000000u);
 207:Generated_Source\PSoC4/cyfitter_cfg.c **** 
 208:Generated_Source\PSoC4/cyfitter_cfg.c **** 	/* CYDEV_CLK_SELECT Starting address: CYDEV_CLK_SELECT */
 209:Generated_Source\PSoC4/cyfitter_cfg.c **** 	CY_SET_REG32((void *)(CYREG_CLK_SELECT), 0x00040000u);
 210:Generated_Source\PSoC4/cyfitter_cfg.c **** 
 211:Generated_Source\PSoC4/cyfitter_cfg.c **** 	/* CYDEV_PERI_PCLK_CTL1 Starting address: CYDEV_PERI_PCLK_CTL1 */
 212:Generated_Source\PSoC4/cyfitter_cfg.c **** 	CY_SET_REG32((void *)(CYREG_PERI_PCLK_CTL1), 0x00000040u);
 213:Generated_Source\PSoC4/cyfitter_cfg.c **** 
 214:Generated_Source\PSoC4/cyfitter_cfg.c **** 	(void)CyIntSetVector(8u, &CySysWdtIsr);
 215:Generated_Source\PSoC4/cyfitter_cfg.c **** 	CyIntEnable(8u);
 216:Generated_Source\PSoC4/cyfitter_cfg.c **** 	CY_SET_REG32((void *)(CYREG_WDT_CONFIG), 0x40000000u);
 217:Generated_Source\PSoC4/cyfitter_cfg.c **** }
 218:Generated_Source\PSoC4/cyfitter_cfg.c **** 
 219:Generated_Source\PSoC4/cyfitter_cfg.c **** 
 220:Generated_Source\PSoC4/cyfitter_cfg.c **** /* Analog API Functions */
 221:Generated_Source\PSoC4/cyfitter_cfg.c **** 
 222:Generated_Source\PSoC4/cyfitter_cfg.c **** 
 223:Generated_Source\PSoC4/cyfitter_cfg.c **** /*******************************************************************************
 224:Generated_Source\PSoC4/cyfitter_cfg.c **** * Function Name: AnalogSetDefault
 225:Generated_Source\PSoC4/cyfitter_cfg.c **** ********************************************************************************
 226:Generated_Source\PSoC4/cyfitter_cfg.c **** *
 227:Generated_Source\PSoC4/cyfitter_cfg.c **** * Summary:
 228:Generated_Source\PSoC4/cyfitter_cfg.c **** *  Sets up the analog portions of the chip to default values based on chip
 229:Generated_Source\PSoC4/cyfitter_cfg.c **** *  configuration options from the project.
 230:Generated_Source\PSoC4/cyfitter_cfg.c **** *
 231:Generated_Source\PSoC4/cyfitter_cfg.c **** * Parameters:
 232:Generated_Source\PSoC4/cyfitter_cfg.c **** *  void
 233:Generated_Source\PSoC4/cyfitter_cfg.c **** *
 234:Generated_Source\PSoC4/cyfitter_cfg.c **** * Return:
 235:Generated_Source\PSoC4/cyfitter_cfg.c **** *  void
 236:Generated_Source\PSoC4/cyfitter_cfg.c **** *
 237:Generated_Source\PSoC4/cyfitter_cfg.c **** *******************************************************************************/
 238:Generated_Source\PSoC4/cyfitter_cfg.c **** static void AnalogSetDefault(void);
 239:Generated_Source\PSoC4/cyfitter_cfg.c **** static void AnalogSetDefault(void)
 240:Generated_Source\PSoC4/cyfitter_cfg.c **** {
  27              		.loc 1 240 0
  28              		.cfi_startproc
  29              		@ args = 0, pretend = 0, frame = 0
  30              		@ frame_needed = 0, uses_anonymous_args = 0
  31              		@ link register save eliminated.
 241:Generated_Source\PSoC4/cyfitter_cfg.c **** 	CY_SET_XTND_REG32((void CYFAR *)CYREG_CTBM0_DFT_CTRL, 0x00000003u);
  32              		.loc 1 241 0
  33 0000 0323     		movs	r3, #3
  34 0002 044A     		ldr	r2, .L2
  35 0004 1360     		str	r3, [r2]
 242:Generated_Source\PSoC4/cyfitter_cfg.c **** 	CY_SET_XTND_REG32((void CYFAR *)CYREG_CTBM1_DFT_CTRL, 0x00000003u);
  36              		.loc 1 242 0
  37 0006 044A     		ldr	r2, .L2+4
  38 0008 1360     		str	r3, [r2]
 243:Generated_Source\PSoC4/cyfitter_cfg.c **** 	CY_SET_XTND_REG32((void CYFAR *)CYREG_PASS_DSAB_DSAB_CTRL, 0x00000000u);
  39              		.loc 1 243 0
  40 000a 0022     		movs	r2, #0
  41 000c 034B     		ldr	r3, .L2+8
  42 000e 1A60     		str	r2, [r3]
ARM GAS  C:\Users\johnn\AppData\Local\Temp\ccqItU3F.s 			page 6


 244:Generated_Source\PSoC4/cyfitter_cfg.c **** }
  43              		.loc 1 244 0
  44              		@ sp needed
  45 0010 7047     		bx	lr
  46              	.L3:
  47 0012 C046     		.align	2
  48              	.L2:
  49 0014 30003040 		.word	1076887600
  50 0018 30003140 		.word	1076953136
  51 001c 000E3F40 		.word	1077874176
  52              		.cfi_endproc
  53              	.LFE6:
  54              		.size	AnalogSetDefault, .-AnalogSetDefault
  55              		.section	.text.CYMEMZERO,"ax",%progbits
  56              		.align	2
  57              		.code	16
  58              		.thumb_func
  59              		.type	CYMEMZERO, %function
  60              	CYMEMZERO:
  61              	.LFB2:
  77:Generated_Source\PSoC4/cyfitter_cfg.c **** 	(void)memset(s, 0, n);
  62              		.loc 1 77 0
  63              		.cfi_startproc
  64              		@ args = 0, pretend = 0, frame = 0
  65              		@ frame_needed = 0, uses_anonymous_args = 0
  66              	.LVL0:
  67 0000 10B5     		push	{r4, lr}
  68              		.cfi_def_cfa_offset 8
  69              		.cfi_offset 4, -8
  70              		.cfi_offset 14, -4
  71 0002 0A00     		movs	r2, r1
  78:Generated_Source\PSoC4/cyfitter_cfg.c **** }
  72              		.loc 1 78 0
  73 0004 0021     		movs	r1, #0
  74              	.LVL1:
  75 0006 FFF7FEFF 		bl	memset
  76              	.LVL2:
  79:Generated_Source\PSoC4/cyfitter_cfg.c **** CY_CFG_UNUSED
  77              		.loc 1 79 0
  78              		@ sp needed
  79 000a 10BD     		pop	{r4, pc}
  80              		.cfi_endproc
  81              	.LFE2:
  82              		.size	CYMEMZERO, .-CYMEMZERO
  83              		.section	.psocinit,"ax",%progbits
  84              		.align	2
  85              		.code	16
  86              		.thumb_func
  87              		.type	ClockSetup, %function
  88              	ClockSetup:
  89              	.LFB5:
 171:Generated_Source\PSoC4/cyfitter_cfg.c **** 
  90              		.loc 1 171 0
  91              		.cfi_startproc
  92              		@ args = 0, pretend = 0, frame = 0
  93              		@ frame_needed = 0, uses_anonymous_args = 0
  94 0000 70B5     		push	{r4, r5, r6, lr}
ARM GAS  C:\Users\johnn\AppData\Local\Temp\ccqItU3F.s 			page 7


  95              		.cfi_def_cfa_offset 16
  96              		.cfi_offset 4, -16
  97              		.cfi_offset 5, -12
  98              		.cfi_offset 6, -8
  99              		.cfi_offset 14, -4
 174:Generated_Source\PSoC4/cyfitter_cfg.c **** 
 100              		.loc 1 174 0
 101 0002 1222     		movs	r2, #18
 102 0004 224B     		ldr	r3, .L6
 103 0006 1A60     		str	r2, [r3]
 177:Generated_Source\PSoC4/cyfitter_cfg.c **** 	CyDelayCycles(12000000u); /* WCO may take up to 500ms to start */
 104              		.loc 1 177 0
 105 0008 FFF7FEFF 		bl	CySysClkWcoStart
 106              	.LVL3:
 178:Generated_Source\PSoC4/cyfitter_cfg.c **** 	(void)CySysClkWcoSetPowerMode(CY_SYS_CLK_WCO_LPM);    /* Switch to the low power mode */
 107              		.loc 1 178 0
 108 000c 2148     		ldr	r0, .L6+4
 109 000e FFF7FEFF 		bl	CyDelayCycles
 110              	.LVL4:
 179:Generated_Source\PSoC4/cyfitter_cfg.c **** 
 111              		.loc 1 179 0
 112 0012 0120     		movs	r0, #1
 113 0014 FFF7FEFF 		bl	CySysClkWcoSetPowerMode
 114              	.LVL5:
 182:Generated_Source\PSoC4/cyfitter_cfg.c **** 	/* CYDEV_CLK_ILO_CONFIG Starting address: CYDEV_CLK_ILO_CONFIG */
 115              		.loc 1 182 0
 116 0018 3020     		movs	r0, #48
 117 001a FFF7FEFF 		bl	CySysClkWriteImoFreq
 118              	.LVL6:
 184:Generated_Source\PSoC4/cyfitter_cfg.c **** 
 119              		.loc 1 184 0
 120 001e 1E4A     		ldr	r2, .L6+8
 121 0020 1E4B     		ldr	r3, .L6+12
 122 0022 1A60     		str	r2, [r3]
 187:Generated_Source\PSoC4/cyfitter_cfg.c **** 
 123              		.loc 1 187 0
 124 0024 1E4C     		ldr	r4, .L6+16
 125 0026 8025     		movs	r5, #128
 126 0028 ED05     		lsls	r5, r5, #23
 127 002a 2560     		str	r5, [r4]
 191:Generated_Source\PSoC4/cyfitter_cfg.c **** 	CY_SET_REG32((void *)(CYREG_BLE_BLERD_BB_XO_CAPTRIM), 0x00006666u);
 128              		.loc 1 191 0
 129 002c 1D4A     		ldr	r2, .L6+20
 130 002e 1168     		ldr	r1, [r2]
 131 0030 0223     		movs	r3, #2
 132 0032 0B43     		orrs	r3, r1
 133 0034 1360     		str	r3, [r2]
 192:Generated_Source\PSoC4/cyfitter_cfg.c **** 	/*Set XTAL(ECO) divider*/
 134              		.loc 1 192 0
 135 0036 1C4A     		ldr	r2, .L6+24
 136 0038 1C4B     		ldr	r3, .L6+28
 137 003a 1A60     		str	r2, [r3]
 194:Generated_Source\PSoC4/cyfitter_cfg.c **** 	/* Disable Crystal Stable Interrupt before enabling ECO */
 138              		.loc 1 194 0
 139 003c 0022     		movs	r2, #0
 140 003e 1C4B     		ldr	r3, .L6+32
 141 0040 1A60     		str	r2, [r3]
ARM GAS  C:\Users\johnn\AppData\Local\Temp\ccqItU3F.s 			page 8


 196:Generated_Source\PSoC4/cyfitter_cfg.c **** 	/* Start the ECO and do not check status since it is not needed for HFCLK */
 142              		.loc 1 196 0
 143 0042 1C4A     		ldr	r2, .L6+36
 144 0044 1368     		ldr	r3, [r2]
 145 0046 0821     		movs	r1, #8
 146 0048 8B43     		bics	r3, r1
 147 004a 1360     		str	r3, [r2]
 198:Generated_Source\PSoC4/cyfitter_cfg.c **** 	CyDelayUs(1500u); /* Wait to stabilize */
 148              		.loc 1 198 0
 149 004c FA20     		movs	r0, #250
 150 004e C000     		lsls	r0, r0, #3
 151 0050 FFF7FEFF 		bl	CySysClkEcoStart
 152              	.LVL7:
 199:Generated_Source\PSoC4/cyfitter_cfg.c **** 
 153              		.loc 1 199 0
 154 0054 1848     		ldr	r0, .L6+40
 155 0056 FFF7FEFF 		bl	CyDelayUs
 156              	.LVL8:
 202:Generated_Source\PSoC4/cyfitter_cfg.c **** 	CY_SET_REG32((void *)CYREG_PERI_DIV_CMD, 0x8000FF40u);
 157              		.loc 1 202 0
 158 005a E822     		movs	r2, #232
 159 005c 5201     		lsls	r2, r2, #5
 160 005e 174B     		ldr	r3, .L6+44
 161 0060 1A60     		str	r2, [r3]
 203:Generated_Source\PSoC4/cyfitter_cfg.c **** 
 162              		.loc 1 203 0
 163 0062 174A     		ldr	r2, .L6+48
 164 0064 174B     		ldr	r3, .L6+52
 165 0066 1A60     		str	r2, [r3]
 206:Generated_Source\PSoC4/cyfitter_cfg.c **** 
 166              		.loc 1 206 0
 167 0068 8022     		movs	r2, #128
 168 006a 1206     		lsls	r2, r2, #24
 169 006c 164B     		ldr	r3, .L6+56
 170 006e 1A60     		str	r2, [r3]
 209:Generated_Source\PSoC4/cyfitter_cfg.c **** 
 171              		.loc 1 209 0
 172 0070 8022     		movs	r2, #128
 173 0072 D202     		lsls	r2, r2, #11
 174 0074 154B     		ldr	r3, .L6+60
 175 0076 1A60     		str	r2, [r3]
 212:Generated_Source\PSoC4/cyfitter_cfg.c **** 
 176              		.loc 1 212 0
 177 0078 4022     		movs	r2, #64
 178 007a 154B     		ldr	r3, .L6+64
 179 007c 1A60     		str	r2, [r3]
 214:Generated_Source\PSoC4/cyfitter_cfg.c **** 	CyIntEnable(8u);
 180              		.loc 1 214 0
 181 007e 1549     		ldr	r1, .L6+68
 182 0080 0820     		movs	r0, #8
 183 0082 FFF7FEFF 		bl	CyIntSetVector
 184              	.LVL9:
 215:Generated_Source\PSoC4/cyfitter_cfg.c **** 	CY_SET_REG32((void *)(CYREG_WDT_CONFIG), 0x40000000u);
 185              		.loc 1 215 0
 186 0086 0820     		movs	r0, #8
 187 0088 FFF7FEFF 		bl	CyIntEnable
 188              	.LVL10:
ARM GAS  C:\Users\johnn\AppData\Local\Temp\ccqItU3F.s 			page 9


 216:Generated_Source\PSoC4/cyfitter_cfg.c **** }
 189              		.loc 1 216 0
 190 008c 2560     		str	r5, [r4]
 217:Generated_Source\PSoC4/cyfitter_cfg.c **** 
 191              		.loc 1 217 0
 192              		@ sp needed
 193 008e 70BD     		pop	{r4, r5, r6, pc}
 194              	.L7:
 195              		.align	2
 196              	.L6:
 197 0090 30001040 		.word	1074790448
 198 0094 001BB700 		.word	12000000
 199 0098 06000080 		.word	-2147483642
 200 009c 04010B40 		.word	1074462980
 201 00a0 0C020B40 		.word	1074463244
 202 00a4 78002E40 		.word	1076756600
 203 00a8 66660000 		.word	26214
 204 00ac 7C002E40 		.word	1076756604
 205 00b0 64F02E40 		.word	1076818020
 206 00b4 6CF02E40 		.word	1076818028
 207 00b8 DC050000 		.word	1500
 208 00bc 00030140 		.word	1073808128
 209 00c0 40FF0080 		.word	-2147418304
 210 00c4 00000140 		.word	1073807360
 211 00c8 08010B40 		.word	1074462984
 212 00cc 00010B40 		.word	1074462976
 213 00d0 04010140 		.word	1073807620
 214 00d4 00000000 		.word	CySysWdtIsr
 215              		.cfi_endproc
 216              	.LFE5:
 217              		.size	ClockSetup, .-ClockSetup
 218              		.align	2
 219              		.global	cyfitter_cfg
 220              		.code	16
 221              		.thumb_func
 222              		.type	cyfitter_cfg, %function
 223              	cyfitter_cfg:
 224              	.LFB7:
 245:Generated_Source\PSoC4/cyfitter_cfg.c **** 
 246:Generated_Source\PSoC4/cyfitter_cfg.c **** 
 247:Generated_Source\PSoC4/cyfitter_cfg.c **** 
 248:Generated_Source\PSoC4/cyfitter_cfg.c **** 
 249:Generated_Source\PSoC4/cyfitter_cfg.c **** /*******************************************************************************
 250:Generated_Source\PSoC4/cyfitter_cfg.c **** * Function Name: cyfitter_cfg
 251:Generated_Source\PSoC4/cyfitter_cfg.c **** ********************************************************************************
 252:Generated_Source\PSoC4/cyfitter_cfg.c **** * Summary:
 253:Generated_Source\PSoC4/cyfitter_cfg.c **** *  This function is called by the start-up code for the selected device. It
 254:Generated_Source\PSoC4/cyfitter_cfg.c **** *  performs all of the necessary device configuration based on the design
 255:Generated_Source\PSoC4/cyfitter_cfg.c **** *  settings.  This includes settings from the Design Wide Resources (DWR) such
 256:Generated_Source\PSoC4/cyfitter_cfg.c **** *  as Clocks and Pins as well as any component configuration that is necessary.
 257:Generated_Source\PSoC4/cyfitter_cfg.c **** *
 258:Generated_Source\PSoC4/cyfitter_cfg.c **** * Parameters:
 259:Generated_Source\PSoC4/cyfitter_cfg.c **** *   void
 260:Generated_Source\PSoC4/cyfitter_cfg.c **** *
 261:Generated_Source\PSoC4/cyfitter_cfg.c **** * Return:
 262:Generated_Source\PSoC4/cyfitter_cfg.c **** *   void
 263:Generated_Source\PSoC4/cyfitter_cfg.c **** *
ARM GAS  C:\Users\johnn\AppData\Local\Temp\ccqItU3F.s 			page 10


 264:Generated_Source\PSoC4/cyfitter_cfg.c **** *******************************************************************************/
 265:Generated_Source\PSoC4/cyfitter_cfg.c **** CY_CFG_SECTION
 266:Generated_Source\PSoC4/cyfitter_cfg.c **** void cyfitter_cfg(void)
 267:Generated_Source\PSoC4/cyfitter_cfg.c **** {
 225              		.loc 1 267 0
 226              		.cfi_startproc
 227              		@ args = 0, pretend = 0, frame = 0
 228              		@ frame_needed = 0, uses_anonymous_args = 0
 229 00d8 10B5     		push	{r4, lr}
 230              		.cfi_def_cfa_offset 8
 231              		.cfi_offset 4, -8
 232              		.cfi_offset 14, -4
 268:Generated_Source\PSoC4/cyfitter_cfg.c **** 	/* Disable interrupts by default. Let user enable if/when they want. */
 269:Generated_Source\PSoC4/cyfitter_cfg.c **** 	CyGlobalIntDisable;
 233              		.loc 1 269 0
 234              		.syntax divided
 235              	@ 269 "Generated_Source\PSoC4\cyfitter_cfg.c" 1
 236 00da 72B6     		CPSID   i
 237              	@ 0 "" 2
 270:Generated_Source\PSoC4/cyfitter_cfg.c **** 
 271:Generated_Source\PSoC4/cyfitter_cfg.c **** 	CY_SET_REG32((void *)(CYREG_BLE_BLESS_LL_DSM_CTRL), 0x00000000u);
 238              		.loc 1 271 0
 239              		.thumb
 240              		.syntax unified
 241 00dc 0022     		movs	r2, #0
 242 00de 174B     		ldr	r3, .L11
 243 00e0 1A60     		str	r2, [r3]
 244              	.LVL11:
 245              	.LBB2:
 272:Generated_Source\PSoC4/cyfitter_cfg.c **** 
 273:Generated_Source\PSoC4/cyfitter_cfg.c **** 	{
 274:Generated_Source\PSoC4/cyfitter_cfg.c **** 
 275:Generated_Source\PSoC4/cyfitter_cfg.c **** 		CYPACKED typedef struct {
 276:Generated_Source\PSoC4/cyfitter_cfg.c **** 			void CYFAR *address;
 277:Generated_Source\PSoC4/cyfitter_cfg.c **** 			uint16 size;
 278:Generated_Source\PSoC4/cyfitter_cfg.c **** 		} CYPACKED_ATTR cfg_memset_t;
 279:Generated_Source\PSoC4/cyfitter_cfg.c **** 
 280:Generated_Source\PSoC4/cyfitter_cfg.c **** 		static const cfg_memset_t CYCODE cfg_memset_list[] = {
 281:Generated_Source\PSoC4/cyfitter_cfg.c **** 			/* address, size */
 282:Generated_Source\PSoC4/cyfitter_cfg.c **** 			{(void CYFAR *)(CYDEV_UDB_P0_U0_BASE), 1024u},
 283:Generated_Source\PSoC4/cyfitter_cfg.c **** 			{(void CYFAR *)(CYDEV_UDB_DSI0_BASE), 1024u},
 284:Generated_Source\PSoC4/cyfitter_cfg.c **** 		};
 285:Generated_Source\PSoC4/cyfitter_cfg.c **** 
 286:Generated_Source\PSoC4/cyfitter_cfg.c **** 		uint8 CYDATA i;
 287:Generated_Source\PSoC4/cyfitter_cfg.c **** 
 288:Generated_Source\PSoC4/cyfitter_cfg.c **** 		/* Zero out critical memory blocks before beginning configuration */
 289:Generated_Source\PSoC4/cyfitter_cfg.c **** 		for (i = 0u; i < (sizeof(cfg_memset_list)/sizeof(cfg_memset_list[0])); i++)
 246              		.loc 1 289 0
 247 00e2 0024     		movs	r4, #0
 248 00e4 0FE0     		b	.L9
 249              	.LVL12:
 250              	.L10:
 251              	.LBB3:
 290:Generated_Source\PSoC4/cyfitter_cfg.c **** 		{
 291:Generated_Source\PSoC4/cyfitter_cfg.c **** 			const cfg_memset_t CYCODE * CYDATA ms = &cfg_memset_list[i];
 292:Generated_Source\PSoC4/cyfitter_cfg.c **** 			CYMEMZERO(ms->address, (size_t)(uint32)(ms->size));
 252              		.loc 1 292 0 discriminator 3
ARM GAS  C:\Users\johnn\AppData\Local\Temp\ccqItU3F.s 			page 11


 253 00e6 1648     		ldr	r0, .L11+4
 254 00e8 6200     		lsls	r2, r4, #1
 255 00ea 1319     		adds	r3, r2, r4
 256 00ec 5900     		lsls	r1, r3, #1
 257 00ee 0B00     		movs	r3, r1
 258 00f0 4118     		adds	r1, r0, r1
 259 00f2 8988     		ldrh	r1, [r1, #4]
 260 00f4 1A5A     		ldrh	r2, [r3, r0]
 261 00f6 C318     		adds	r3, r0, r3
 262 00f8 5888     		ldrh	r0, [r3, #2]
 263 00fa 0004     		lsls	r0, r0, #16
 264 00fc 1043     		orrs	r0, r2
 265 00fe FFF7FEFF 		bl	CYMEMZERO
 266              	.LVL13:
 267              	.LBE3:
 289:Generated_Source\PSoC4/cyfitter_cfg.c **** 		{
 268              		.loc 1 289 0 discriminator 3
 269 0102 0134     		adds	r4, r4, #1
 270              	.LVL14:
 271 0104 E4B2     		uxtb	r4, r4
 272              	.LVL15:
 273              	.L9:
 289:Generated_Source\PSoC4/cyfitter_cfg.c **** 		{
 274              		.loc 1 289 0 is_stmt 0 discriminator 1
 275 0106 012C     		cmp	r4, #1
 276 0108 EDD9     		bls	.L10
 293:Generated_Source\PSoC4/cyfitter_cfg.c **** 		}
 294:Generated_Source\PSoC4/cyfitter_cfg.c **** 
 295:Generated_Source\PSoC4/cyfitter_cfg.c **** 		/* HSIOM Starting address: CYDEV_HSIOM_BASE */
 296:Generated_Source\PSoC4/cyfitter_cfg.c **** 		CY_SET_REG32((void *)(CYDEV_HSIOM_BASE), 0xEEEE0000u);
 277              		.loc 1 296 0 is_stmt 1
 278 010a 0E4A     		ldr	r2, .L11+8
 279 010c 0E4B     		ldr	r3, .L11+12
 280 010e 1A60     		str	r2, [r3]
 297:Generated_Source\PSoC4/cyfitter_cfg.c **** 
 298:Generated_Source\PSoC4/cyfitter_cfg.c **** 		/* UDB_PA_0 Starting address: CYDEV_UDB_PA0_BASE */
 299:Generated_Source\PSoC4/cyfitter_cfg.c **** 		CY_SET_REG32((void *)(CYDEV_UDB_PA0_BASE), 0x00990000u);
 281              		.loc 1 299 0
 282 0110 9922     		movs	r2, #153
 283 0112 1204     		lsls	r2, r2, #16
 284 0114 0D4B     		ldr	r3, .L11+16
 285 0116 1A60     		str	r2, [r3]
 300:Generated_Source\PSoC4/cyfitter_cfg.c **** 
 301:Generated_Source\PSoC4/cyfitter_cfg.c **** 		/* Enable digital routing */
 302:Generated_Source\PSoC4/cyfitter_cfg.c **** 		CY_SET_XTND_REG8((void *)CYREG_UDB_UDBIF_BANK_CTL, (uint8)(CY_GET_XTND_REG8((void *)CYREG_UDB_UDB
 286              		.loc 1 302 0
 287 0118 0D4A     		ldr	r2, .L11+20
 288 011a 1178     		ldrb	r1, [r2]
 289 011c 0623     		movs	r3, #6
 290 011e 0B43     		orrs	r3, r1
 291 0120 DBB2     		uxtb	r3, r3
 292 0122 1370     		strb	r3, [r2]
 293              	.LBE2:
 303:Generated_Source\PSoC4/cyfitter_cfg.c **** 	}
 304:Generated_Source\PSoC4/cyfitter_cfg.c **** 
 305:Generated_Source\PSoC4/cyfitter_cfg.c **** 	/* Perform second pass device configuration. These items must be configured in specific order afte
 306:Generated_Source\PSoC4/cyfitter_cfg.c **** 	/* IOPINS0_0 Starting address: CYDEV_GPIO_PRT0_BASE */
ARM GAS  C:\Users\johnn\AppData\Local\Temp\ccqItU3F.s 			page 12


 307:Generated_Source\PSoC4/cyfitter_cfg.c **** 	CY_SET_REG32((void *)(CYDEV_GPIO_PRT0_BASE), 0x00000030u);
 294              		.loc 1 307 0
 295 0124 3022     		movs	r2, #48
 296 0126 0B4B     		ldr	r3, .L11+24
 297 0128 1A60     		str	r2, [r3]
 308:Generated_Source\PSoC4/cyfitter_cfg.c **** 	CY_SET_REG32((void *)(CYREG_GPIO_PRT0_PC), 0x00DA4000u);
 298              		.loc 1 308 0
 299 012a 0B4A     		ldr	r2, .L11+28
 300 012c 0B4B     		ldr	r3, .L11+32
 301 012e 1A60     		str	r2, [r3]
 309:Generated_Source\PSoC4/cyfitter_cfg.c **** 
 310:Generated_Source\PSoC4/cyfitter_cfg.c **** 
 311:Generated_Source\PSoC4/cyfitter_cfg.c **** 	/* Setup clocks based on selections from Clock DWR */
 312:Generated_Source\PSoC4/cyfitter_cfg.c **** 	ClockSetup();
 302              		.loc 1 312 0
 303 0130 FFF766FF 		bl	ClockSetup
 304              	.LVL16:
 313:Generated_Source\PSoC4/cyfitter_cfg.c **** 
 314:Generated_Source\PSoC4/cyfitter_cfg.c **** 	/* Perform basic analog initialization to defaults */
 315:Generated_Source\PSoC4/cyfitter_cfg.c **** 	AnalogSetDefault();
 305              		.loc 1 315 0
 306 0134 FFF7FEFF 		bl	AnalogSetDefault
 307              	.LVL17:
 316:Generated_Source\PSoC4/cyfitter_cfg.c **** 
 317:Generated_Source\PSoC4/cyfitter_cfg.c **** }
 308              		.loc 1 317 0
 309              		@ sp needed
 310              	.LVL18:
 311 0138 10BD     		pop	{r4, pc}
 312              	.L12:
 313 013a C046     		.align	2
 314              	.L11:
 315 013c 6CF02E40 		.word	1076818028
 316 0140 00000000 		.word	.LANCHOR0
 317 0144 0000EEEE 		.word	-286392320
 318 0148 00000240 		.word	1073872896
 319 014c 00500F40 		.word	1074745344
 320 0150 00700F40 		.word	1074753536
 321 0154 00000440 		.word	1074003968
 322 0158 0040DA00 		.word	14303232
 323 015c 08000440 		.word	1074003976
 324              		.cfi_endproc
 325              	.LFE7:
 326              		.size	cyfitter_cfg, .-cyfitter_cfg
 327              		.section	.rodata
 328              		.align	2
 329              		.set	.LANCHOR0,. + 0
 330              		.type	cfg_memset_list.4884, %object
 331              		.size	cfg_memset_list.4884, 12
 332              	cfg_memset_list.4884:
 333 0000 00300F40 		.word	1074737152
 334 0004 0004     		.short	1024
 335 0006 00400F40 		.4byte	1074741248
 336 000a 0004     		.short	1024
 337              		.text
 338              	.Letext0:
 339              		.file 2 "c:\\program files (x86)\\cypress\\psoc creator\\4.2\\psoc creator\\import\\gnu\\arm\\5.4.
ARM GAS  C:\Users\johnn\AppData\Local\Temp\ccqItU3F.s 			page 13


 340              		.file 3 "Generated_Source\\PSoC4\\cytypes.h"
 341              		.file 4 "Generated_Source\\PSoC4\\CyLFClk.h"
 342              		.file 5 "Generated_Source\\PSoC4\\CyLib.h"
 343              		.section	.debug_info,"",%progbits
 344              	.Ldebug_info0:
 345 0000 29030000 		.4byte	0x329
 346 0004 0400     		.2byte	0x4
 347 0006 00000000 		.4byte	.Ldebug_abbrev0
 348 000a 04       		.byte	0x4
 349 000b 01       		.uleb128 0x1
 350 000c 6D010000 		.4byte	.LASF34
 351 0010 0C       		.byte	0xc
 352 0011 7F020000 		.4byte	.LASF35
 353 0015 33010000 		.4byte	.LASF36
 354 0019 00000000 		.4byte	.Ldebug_ranges0+0
 355 001d 00000000 		.4byte	0
 356 0021 00000000 		.4byte	.Ldebug_line0
 357 0025 02       		.uleb128 0x2
 358 0026 04       		.byte	0x4
 359 0027 05       		.byte	0x5
 360 0028 696E7400 		.ascii	"int\000"
 361 002c 03       		.uleb128 0x3
 362 002d 14000000 		.4byte	.LASF12
 363 0031 02       		.byte	0x2
 364 0032 D8       		.byte	0xd8
 365 0033 37000000 		.4byte	0x37
 366 0037 04       		.uleb128 0x4
 367 0038 04       		.byte	0x4
 368 0039 07       		.byte	0x7
 369 003a FA000000 		.4byte	.LASF0
 370 003e 04       		.uleb128 0x4
 371 003f 08       		.byte	0x8
 372 0040 05       		.byte	0x5
 373 0041 11020000 		.4byte	.LASF1
 374 0045 04       		.uleb128 0x4
 375 0046 08       		.byte	0x8
 376 0047 04       		.byte	0x4
 377 0048 67020000 		.4byte	.LASF2
 378 004c 04       		.uleb128 0x4
 379 004d 01       		.byte	0x1
 380 004e 06       		.byte	0x6
 381 004f 73020000 		.4byte	.LASF3
 382 0053 04       		.uleb128 0x4
 383 0054 01       		.byte	0x1
 384 0055 08       		.byte	0x8
 385 0056 C4000000 		.4byte	.LASF4
 386 005a 04       		.uleb128 0x4
 387 005b 02       		.byte	0x2
 388 005c 05       		.byte	0x5
 389 005d 3F020000 		.4byte	.LASF5
 390 0061 04       		.uleb128 0x4
 391 0062 02       		.byte	0x2
 392 0063 07       		.byte	0x7
 393 0064 56000000 		.4byte	.LASF6
 394 0068 04       		.uleb128 0x4
 395 0069 04       		.byte	0x4
 396 006a 05       		.byte	0x5
ARM GAS  C:\Users\johnn\AppData\Local\Temp\ccqItU3F.s 			page 14


 397 006b 5E020000 		.4byte	.LASF7
 398 006f 04       		.uleb128 0x4
 399 0070 04       		.byte	0x4
 400 0071 07       		.byte	0x7
 401 0072 91000000 		.4byte	.LASF8
 402 0076 04       		.uleb128 0x4
 403 0077 08       		.byte	0x8
 404 0078 07       		.byte	0x7
 405 0079 1C010000 		.4byte	.LASF9
 406 007d 04       		.uleb128 0x4
 407 007e 04       		.byte	0x4
 408 007f 07       		.byte	0x7
 409 0080 08020000 		.4byte	.LASF10
 410 0084 05       		.uleb128 0x5
 411 0085 04       		.byte	0x4
 412 0086 04       		.uleb128 0x4
 413 0087 01       		.byte	0x1
 414 0088 08       		.byte	0x8
 415 0089 29020000 		.4byte	.LASF11
 416 008d 06       		.uleb128 0x6
 417 008e A3000000 		.4byte	.LASF13
 418 0092 03       		.byte	0x3
 419 0093 E401     		.2byte	0x1e4
 420 0095 53000000 		.4byte	0x53
 421 0099 06       		.uleb128 0x6
 422 009a EC000000 		.4byte	.LASF14
 423 009e 03       		.byte	0x3
 424 009f E501     		.2byte	0x1e5
 425 00a1 61000000 		.4byte	0x61
 426 00a5 06       		.uleb128 0x6
 427 00a6 F3000000 		.4byte	.LASF15
 428 00aa 03       		.byte	0x3
 429 00ab E601     		.2byte	0x1e6
 430 00ad 6F000000 		.4byte	0x6f
 431 00b1 04       		.uleb128 0x4
 432 00b2 04       		.byte	0x4
 433 00b3 04       		.byte	0x4
 434 00b4 69000000 		.4byte	.LASF16
 435 00b8 04       		.uleb128 0x4
 436 00b9 08       		.byte	0x8
 437 00ba 04       		.byte	0x4
 438 00bb D9000000 		.4byte	.LASF17
 439 00bf 06       		.uleb128 0x6
 440 00c0 8C000000 		.4byte	.LASF18
 441 00c4 03       		.byte	0x3
 442 00c5 8E02     		.2byte	0x28e
 443 00c7 CB000000 		.4byte	0xcb
 444 00cb 07       		.uleb128 0x7
 445 00cc 8D000000 		.4byte	0x8d
 446 00d0 06       		.uleb128 0x6
 447 00d1 0E000000 		.4byte	.LASF19
 448 00d5 03       		.byte	0x3
 449 00d6 9002     		.2byte	0x290
 450 00d8 DC000000 		.4byte	0xdc
 451 00dc 07       		.uleb128 0x7
 452 00dd A5000000 		.4byte	0xa5
 453 00e1 08       		.uleb128 0x8
ARM GAS  C:\Users\johnn\AppData\Local\Temp\ccqItU3F.s 			page 15


 454 00e2 1B000000 		.4byte	.LASF37
 455 00e6 01       		.byte	0x1
 456 00e7 EF       		.byte	0xef
 457 00e8 00000000 		.4byte	.LFB6
 458 00ec 20000000 		.4byte	.LFE6-.LFB6
 459 00f0 01       		.uleb128 0x1
 460 00f1 9C       		.byte	0x9c
 461 00f2 09       		.uleb128 0x9
 462 00f3 BA000000 		.4byte	.LASF20
 463 00f7 01       		.byte	0x1
 464 00f8 4C       		.byte	0x4c
 465 00f9 00000000 		.4byte	.LFB2
 466 00fd 0C000000 		.4byte	.LFE2-.LFB2
 467 0101 01       		.uleb128 0x1
 468 0102 9C       		.byte	0x9c
 469 0103 3F010000 		.4byte	0x13f
 470 0107 0A       		.uleb128 0xa
 471 0108 7300     		.ascii	"s\000"
 472 010a 01       		.byte	0x1
 473 010b 4C       		.byte	0x4c
 474 010c 84000000 		.4byte	0x84
 475 0110 00000000 		.4byte	.LLST0
 476 0114 0A       		.uleb128 0xa
 477 0115 6E00     		.ascii	"n\000"
 478 0117 01       		.byte	0x1
 479 0118 4C       		.byte	0x4c
 480 0119 2C000000 		.4byte	0x2c
 481 011d 21000000 		.4byte	.LLST1
 482 0121 0B       		.uleb128 0xb
 483 0122 0A000000 		.4byte	.LVL2
 484 0126 CB020000 		.4byte	0x2cb
 485 012a 0C       		.uleb128 0xc
 486 012b 01       		.uleb128 0x1
 487 012c 50       		.byte	0x50
 488 012d 03       		.uleb128 0x3
 489 012e F3       		.byte	0xf3
 490 012f 01       		.uleb128 0x1
 491 0130 50       		.byte	0x50
 492 0131 0C       		.uleb128 0xc
 493 0132 01       		.uleb128 0x1
 494 0133 51       		.byte	0x51
 495 0134 01       		.uleb128 0x1
 496 0135 30       		.byte	0x30
 497 0136 0C       		.uleb128 0xc
 498 0137 01       		.uleb128 0x1
 499 0138 52       		.byte	0x52
 500 0139 03       		.uleb128 0x3
 501 013a F3       		.byte	0xf3
 502 013b 01       		.uleb128 0x1
 503 013c 51       		.byte	0x51
 504 013d 00       		.byte	0
 505 013e 00       		.byte	0
 506 013f 09       		.uleb128 0x9
 507 0140 4B000000 		.4byte	.LASF21
 508 0144 01       		.byte	0x1
 509 0145 AA       		.byte	0xaa
 510 0146 00000000 		.4byte	.LFB5
ARM GAS  C:\Users\johnn\AppData\Local\Temp\ccqItU3F.s 			page 16


 511 014a D8000000 		.4byte	.LFE5-.LFB5
 512 014e 01       		.uleb128 0x1
 513 014f 9C       		.byte	0x9c
 514 0150 E8010000 		.4byte	0x1e8
 515 0154 0D       		.uleb128 0xd
 516 0155 0C000000 		.4byte	.LVL3
 517 0159 D4020000 		.4byte	0x2d4
 518 015d 0E       		.uleb128 0xe
 519 015e 12000000 		.4byte	.LVL4
 520 0162 DF020000 		.4byte	0x2df
 521 0166 74010000 		.4byte	0x174
 522 016a 0C       		.uleb128 0xc
 523 016b 01       		.uleb128 0x1
 524 016c 50       		.byte	0x50
 525 016d 05       		.uleb128 0x5
 526 016e 0C       		.byte	0xc
 527 016f 001BB700 		.4byte	0xb71b00
 528 0173 00       		.byte	0
 529 0174 0E       		.uleb128 0xe
 530 0175 18000000 		.4byte	.LVL5
 531 0179 EA020000 		.4byte	0x2ea
 532 017d 87010000 		.4byte	0x187
 533 0181 0C       		.uleb128 0xc
 534 0182 01       		.uleb128 0x1
 535 0183 50       		.byte	0x50
 536 0184 01       		.uleb128 0x1
 537 0185 31       		.byte	0x31
 538 0186 00       		.byte	0
 539 0187 0E       		.uleb128 0xe
 540 0188 1E000000 		.4byte	.LVL6
 541 018c F5020000 		.4byte	0x2f5
 542 0190 9B010000 		.4byte	0x19b
 543 0194 0C       		.uleb128 0xc
 544 0195 01       		.uleb128 0x1
 545 0196 50       		.byte	0x50
 546 0197 02       		.uleb128 0x2
 547 0198 08       		.byte	0x8
 548 0199 30       		.byte	0x30
 549 019a 00       		.byte	0
 550 019b 0E       		.uleb128 0xe
 551 019c 54000000 		.4byte	.LVL7
 552 01a0 00030000 		.4byte	0x300
 553 01a4 B0010000 		.4byte	0x1b0
 554 01a8 0C       		.uleb128 0xc
 555 01a9 01       		.uleb128 0x1
 556 01aa 50       		.byte	0x50
 557 01ab 03       		.uleb128 0x3
 558 01ac 0A       		.byte	0xa
 559 01ad D007     		.2byte	0x7d0
 560 01af 00       		.byte	0
 561 01b0 0E       		.uleb128 0xe
 562 01b1 5A000000 		.4byte	.LVL8
 563 01b5 0B030000 		.4byte	0x30b
 564 01b9 C5010000 		.4byte	0x1c5
 565 01bd 0C       		.uleb128 0xc
 566 01be 01       		.uleb128 0x1
 567 01bf 50       		.byte	0x50
ARM GAS  C:\Users\johnn\AppData\Local\Temp\ccqItU3F.s 			page 17


 568 01c0 03       		.uleb128 0x3
 569 01c1 0A       		.byte	0xa
 570 01c2 DC05     		.2byte	0x5dc
 571 01c4 00       		.byte	0
 572 01c5 0E       		.uleb128 0xe
 573 01c6 86000000 		.4byte	.LVL9
 574 01ca 16030000 		.4byte	0x316
 575 01ce D8010000 		.4byte	0x1d8
 576 01d2 0C       		.uleb128 0xc
 577 01d3 01       		.uleb128 0x1
 578 01d4 50       		.byte	0x50
 579 01d5 01       		.uleb128 0x1
 580 01d6 38       		.byte	0x38
 581 01d7 00       		.byte	0
 582 01d8 0B       		.uleb128 0xb
 583 01d9 8C000000 		.4byte	.LVL10
 584 01dd 21030000 		.4byte	0x321
 585 01e1 0C       		.uleb128 0xc
 586 01e2 01       		.uleb128 0x1
 587 01e3 50       		.byte	0x50
 588 01e4 01       		.uleb128 0x1
 589 01e5 38       		.byte	0x38
 590 01e6 00       		.byte	0
 591 01e7 00       		.byte	0
 592 01e8 0F       		.uleb128 0xf
 593 01e9 07010000 		.4byte	.LASF38
 594 01ed 01       		.byte	0x1
 595 01ee 0A01     		.2byte	0x10a
 596 01f0 D8000000 		.4byte	.LFB7
 597 01f4 88000000 		.4byte	.LFE7-.LFB7
 598 01f8 01       		.uleb128 0x1
 599 01f9 9C       		.byte	0x9c
 600 01fa CB020000 		.4byte	0x2cb
 601 01fe 10       		.uleb128 0x10
 602 01ff E2000000 		.4byte	.LBB2
 603 0203 42000000 		.4byte	.LBE2-.LBB2
 604 0207 B8020000 		.4byte	0x2b8
 605 020b 11       		.uleb128 0x11
 606 020c 06       		.byte	0x6
 607 020d 01       		.byte	0x1
 608 020e 1301     		.2byte	0x113
 609 0210 2F020000 		.4byte	0x22f
 610 0214 12       		.uleb128 0x12
 611 0215 14010000 		.4byte	.LASF22
 612 0219 01       		.byte	0x1
 613 021a 1401     		.2byte	0x114
 614 021c 84000000 		.4byte	0x84
 615 0220 00       		.byte	0
 616 0221 12       		.uleb128 0x12
 617 0222 6F000000 		.4byte	.LASF23
 618 0226 01       		.byte	0x1
 619 0227 1501     		.2byte	0x115
 620 0229 99000000 		.4byte	0x99
 621 022d 04       		.byte	0x4
 622 022e 00       		.byte	0
 623 022f 06       		.uleb128 0x6
 624 0230 FB010000 		.4byte	.LASF24
ARM GAS  C:\Users\johnn\AppData\Local\Temp\ccqItU3F.s 			page 18


 625 0234 01       		.byte	0x1
 626 0235 1601     		.2byte	0x116
 627 0237 0B020000 		.4byte	0x20b
 628 023b 13       		.uleb128 0x13
 629 023c 4B020000 		.4byte	0x24b
 630 0240 4B020000 		.4byte	0x24b
 631 0244 14       		.uleb128 0x14
 632 0245 7D000000 		.4byte	0x7d
 633 0249 01       		.byte	0x1
 634 024a 00       		.byte	0
 635 024b 15       		.uleb128 0x15
 636 024c 2F020000 		.4byte	0x22f
 637 0250 16       		.uleb128 0x16
 638 0251 3B000000 		.4byte	.LASF25
 639 0255 01       		.byte	0x1
 640 0256 1801     		.2byte	0x118
 641 0258 62020000 		.4byte	0x262
 642 025c 05       		.uleb128 0x5
 643 025d 03       		.byte	0x3
 644 025e 00000000 		.4byte	cfg_memset_list.4884
 645 0262 15       		.uleb128 0x15
 646 0263 3B020000 		.4byte	0x23b
 647 0267 17       		.uleb128 0x17
 648 0268 6900     		.ascii	"i\000"
 649 026a 01       		.byte	0x1
 650 026b 1E01     		.2byte	0x11e
 651 026d 8D000000 		.4byte	0x8d
 652 0271 4D000000 		.4byte	.LLST2
 653 0275 18       		.uleb128 0x18
 654 0276 E6000000 		.4byte	.LBB3
 655 027a 1C000000 		.4byte	.LBE3-.LBB3
 656 027e 17       		.uleb128 0x17
 657 027f 6D7300   		.ascii	"ms\000"
 658 0282 01       		.byte	0x1
 659 0283 2301     		.2byte	0x123
 660 0285 8D020000 		.4byte	0x28d
 661 0289 77000000 		.4byte	.LLST3
 662 028d 19       		.uleb128 0x19
 663 028e 04       		.byte	0x4
 664 028f 4B020000 		.4byte	0x24b
 665 0293 0B       		.uleb128 0xb
 666 0294 02010000 		.4byte	.LVL13
 667 0298 F2000000 		.4byte	0xf2
 668 029c 0C       		.uleb128 0xc
 669 029d 01       		.uleb128 0x1
 670 029e 51       		.byte	0x51
 671 029f 15       		.uleb128 0x15
 672 02a0 74       		.byte	0x74
 673 02a1 00       		.sleb128 0
 674 02a2 31       		.byte	0x31
 675 02a3 24       		.byte	0x24
 676 02a4 74       		.byte	0x74
 677 02a5 00       		.sleb128 0
 678 02a6 22       		.byte	0x22
 679 02a7 31       		.byte	0x31
 680 02a8 24       		.byte	0x24
 681 02a9 03       		.byte	0x3
ARM GAS  C:\Users\johnn\AppData\Local\Temp\ccqItU3F.s 			page 19


 682 02aa 04000000 		.4byte	.LANCHOR0+4
 683 02ae 22       		.byte	0x22
 684 02af 94       		.byte	0x94
 685 02b0 02       		.byte	0x2
 686 02b1 0A       		.byte	0xa
 687 02b2 FFFF     		.2byte	0xffff
 688 02b4 1A       		.byte	0x1a
 689 02b5 00       		.byte	0
 690 02b6 00       		.byte	0
 691 02b7 00       		.byte	0
 692 02b8 0D       		.uleb128 0xd
 693 02b9 34010000 		.4byte	.LVL16
 694 02bd 3F010000 		.4byte	0x13f
 695 02c1 0D       		.uleb128 0xd
 696 02c2 38010000 		.4byte	.LVL17
 697 02c6 E1000000 		.4byte	0xe1
 698 02ca 00       		.byte	0
 699 02cb 1A       		.uleb128 0x1a
 700 02cc D2000000 		.4byte	.LASF39
 701 02d0 D2000000 		.4byte	.LASF39
 702 02d4 1B       		.uleb128 0x1b
 703 02d5 A9000000 		.4byte	.LASF26
 704 02d9 A9000000 		.4byte	.LASF26
 705 02dd 04       		.byte	0x4
 706 02de 4E       		.byte	0x4e
 707 02df 1B       		.uleb128 0x1b
 708 02e0 00000000 		.4byte	.LASF27
 709 02e4 00000000 		.4byte	.LASF27
 710 02e8 05       		.byte	0x5
 711 02e9 DC       		.byte	0xdc
 712 02ea 1B       		.uleb128 0x1b
 713 02eb 74000000 		.4byte	.LASF28
 714 02ef 74000000 		.4byte	.LASF28
 715 02f3 04       		.byte	0x4
 716 02f4 50       		.byte	0x50
 717 02f5 1B       		.uleb128 0x1b
 718 02f6 49020000 		.4byte	.LASF29
 719 02fa 49020000 		.4byte	.LASF29
 720 02fe 05       		.byte	0x5
 721 02ff 6C       		.byte	0x6c
 722 0300 1B       		.uleb128 0x1b
 723 0301 2E020000 		.4byte	.LASF30
 724 0305 2E020000 		.4byte	.LASF30
 725 0309 05       		.byte	0x5
 726 030a 84       		.byte	0x84
 727 030b 1B       		.uleb128 0x1b
 728 030c 1F020000 		.4byte	.LASF31
 729 0310 1F020000 		.4byte	.LASF31
 730 0314 05       		.byte	0x5
 731 0315 DA       		.byte	0xda
 732 0316 1B       		.uleb128 0x1b
 733 0317 2C000000 		.4byte	.LASF32
 734 031b 2C000000 		.4byte	.LASF32
 735 031f 05       		.byte	0x5
 736 0320 BD       		.byte	0xbd
 737 0321 1B       		.uleb128 0x1b
 738 0322 E0000000 		.4byte	.LASF33
ARM GAS  C:\Users\johnn\AppData\Local\Temp\ccqItU3F.s 			page 20


 739 0326 E0000000 		.4byte	.LASF33
 740 032a 05       		.byte	0x5
 741 032b C3       		.byte	0xc3
 742 032c 00       		.byte	0
 743              		.section	.debug_abbrev,"",%progbits
 744              	.Ldebug_abbrev0:
 745 0000 01       		.uleb128 0x1
 746 0001 11       		.uleb128 0x11
 747 0002 01       		.byte	0x1
 748 0003 25       		.uleb128 0x25
 749 0004 0E       		.uleb128 0xe
 750 0005 13       		.uleb128 0x13
 751 0006 0B       		.uleb128 0xb
 752 0007 03       		.uleb128 0x3
 753 0008 0E       		.uleb128 0xe
 754 0009 1B       		.uleb128 0x1b
 755 000a 0E       		.uleb128 0xe
 756 000b 55       		.uleb128 0x55
 757 000c 17       		.uleb128 0x17
 758 000d 11       		.uleb128 0x11
 759 000e 01       		.uleb128 0x1
 760 000f 10       		.uleb128 0x10
 761 0010 17       		.uleb128 0x17
 762 0011 00       		.byte	0
 763 0012 00       		.byte	0
 764 0013 02       		.uleb128 0x2
 765 0014 24       		.uleb128 0x24
 766 0015 00       		.byte	0
 767 0016 0B       		.uleb128 0xb
 768 0017 0B       		.uleb128 0xb
 769 0018 3E       		.uleb128 0x3e
 770 0019 0B       		.uleb128 0xb
 771 001a 03       		.uleb128 0x3
 772 001b 08       		.uleb128 0x8
 773 001c 00       		.byte	0
 774 001d 00       		.byte	0
 775 001e 03       		.uleb128 0x3
 776 001f 16       		.uleb128 0x16
 777 0020 00       		.byte	0
 778 0021 03       		.uleb128 0x3
 779 0022 0E       		.uleb128 0xe
 780 0023 3A       		.uleb128 0x3a
 781 0024 0B       		.uleb128 0xb
 782 0025 3B       		.uleb128 0x3b
 783 0026 0B       		.uleb128 0xb
 784 0027 49       		.uleb128 0x49
 785 0028 13       		.uleb128 0x13
 786 0029 00       		.byte	0
 787 002a 00       		.byte	0
 788 002b 04       		.uleb128 0x4
 789 002c 24       		.uleb128 0x24
 790 002d 00       		.byte	0
 791 002e 0B       		.uleb128 0xb
 792 002f 0B       		.uleb128 0xb
 793 0030 3E       		.uleb128 0x3e
 794 0031 0B       		.uleb128 0xb
 795 0032 03       		.uleb128 0x3
ARM GAS  C:\Users\johnn\AppData\Local\Temp\ccqItU3F.s 			page 21


 796 0033 0E       		.uleb128 0xe
 797 0034 00       		.byte	0
 798 0035 00       		.byte	0
 799 0036 05       		.uleb128 0x5
 800 0037 0F       		.uleb128 0xf
 801 0038 00       		.byte	0
 802 0039 0B       		.uleb128 0xb
 803 003a 0B       		.uleb128 0xb
 804 003b 00       		.byte	0
 805 003c 00       		.byte	0
 806 003d 06       		.uleb128 0x6
 807 003e 16       		.uleb128 0x16
 808 003f 00       		.byte	0
 809 0040 03       		.uleb128 0x3
 810 0041 0E       		.uleb128 0xe
 811 0042 3A       		.uleb128 0x3a
 812 0043 0B       		.uleb128 0xb
 813 0044 3B       		.uleb128 0x3b
 814 0045 05       		.uleb128 0x5
 815 0046 49       		.uleb128 0x49
 816 0047 13       		.uleb128 0x13
 817 0048 00       		.byte	0
 818 0049 00       		.byte	0
 819 004a 07       		.uleb128 0x7
 820 004b 35       		.uleb128 0x35
 821 004c 00       		.byte	0
 822 004d 49       		.uleb128 0x49
 823 004e 13       		.uleb128 0x13
 824 004f 00       		.byte	0
 825 0050 00       		.byte	0
 826 0051 08       		.uleb128 0x8
 827 0052 2E       		.uleb128 0x2e
 828 0053 00       		.byte	0
 829 0054 03       		.uleb128 0x3
 830 0055 0E       		.uleb128 0xe
 831 0056 3A       		.uleb128 0x3a
 832 0057 0B       		.uleb128 0xb
 833 0058 3B       		.uleb128 0x3b
 834 0059 0B       		.uleb128 0xb
 835 005a 27       		.uleb128 0x27
 836 005b 19       		.uleb128 0x19
 837 005c 11       		.uleb128 0x11
 838 005d 01       		.uleb128 0x1
 839 005e 12       		.uleb128 0x12
 840 005f 06       		.uleb128 0x6
 841 0060 40       		.uleb128 0x40
 842 0061 18       		.uleb128 0x18
 843 0062 9742     		.uleb128 0x2117
 844 0064 19       		.uleb128 0x19
 845 0065 00       		.byte	0
 846 0066 00       		.byte	0
 847 0067 09       		.uleb128 0x9
 848 0068 2E       		.uleb128 0x2e
 849 0069 01       		.byte	0x1
 850 006a 03       		.uleb128 0x3
 851 006b 0E       		.uleb128 0xe
 852 006c 3A       		.uleb128 0x3a
ARM GAS  C:\Users\johnn\AppData\Local\Temp\ccqItU3F.s 			page 22


 853 006d 0B       		.uleb128 0xb
 854 006e 3B       		.uleb128 0x3b
 855 006f 0B       		.uleb128 0xb
 856 0070 27       		.uleb128 0x27
 857 0071 19       		.uleb128 0x19
 858 0072 11       		.uleb128 0x11
 859 0073 01       		.uleb128 0x1
 860 0074 12       		.uleb128 0x12
 861 0075 06       		.uleb128 0x6
 862 0076 40       		.uleb128 0x40
 863 0077 18       		.uleb128 0x18
 864 0078 9742     		.uleb128 0x2117
 865 007a 19       		.uleb128 0x19
 866 007b 01       		.uleb128 0x1
 867 007c 13       		.uleb128 0x13
 868 007d 00       		.byte	0
 869 007e 00       		.byte	0
 870 007f 0A       		.uleb128 0xa
 871 0080 05       		.uleb128 0x5
 872 0081 00       		.byte	0
 873 0082 03       		.uleb128 0x3
 874 0083 08       		.uleb128 0x8
 875 0084 3A       		.uleb128 0x3a
 876 0085 0B       		.uleb128 0xb
 877 0086 3B       		.uleb128 0x3b
 878 0087 0B       		.uleb128 0xb
 879 0088 49       		.uleb128 0x49
 880 0089 13       		.uleb128 0x13
 881 008a 02       		.uleb128 0x2
 882 008b 17       		.uleb128 0x17
 883 008c 00       		.byte	0
 884 008d 00       		.byte	0
 885 008e 0B       		.uleb128 0xb
 886 008f 898201   		.uleb128 0x4109
 887 0092 01       		.byte	0x1
 888 0093 11       		.uleb128 0x11
 889 0094 01       		.uleb128 0x1
 890 0095 31       		.uleb128 0x31
 891 0096 13       		.uleb128 0x13
 892 0097 00       		.byte	0
 893 0098 00       		.byte	0
 894 0099 0C       		.uleb128 0xc
 895 009a 8A8201   		.uleb128 0x410a
 896 009d 00       		.byte	0
 897 009e 02       		.uleb128 0x2
 898 009f 18       		.uleb128 0x18
 899 00a0 9142     		.uleb128 0x2111
 900 00a2 18       		.uleb128 0x18
 901 00a3 00       		.byte	0
 902 00a4 00       		.byte	0
 903 00a5 0D       		.uleb128 0xd
 904 00a6 898201   		.uleb128 0x4109
 905 00a9 00       		.byte	0
 906 00aa 11       		.uleb128 0x11
 907 00ab 01       		.uleb128 0x1
 908 00ac 31       		.uleb128 0x31
 909 00ad 13       		.uleb128 0x13
ARM GAS  C:\Users\johnn\AppData\Local\Temp\ccqItU3F.s 			page 23


 910 00ae 00       		.byte	0
 911 00af 00       		.byte	0
 912 00b0 0E       		.uleb128 0xe
 913 00b1 898201   		.uleb128 0x4109
 914 00b4 01       		.byte	0x1
 915 00b5 11       		.uleb128 0x11
 916 00b6 01       		.uleb128 0x1
 917 00b7 31       		.uleb128 0x31
 918 00b8 13       		.uleb128 0x13
 919 00b9 01       		.uleb128 0x1
 920 00ba 13       		.uleb128 0x13
 921 00bb 00       		.byte	0
 922 00bc 00       		.byte	0
 923 00bd 0F       		.uleb128 0xf
 924 00be 2E       		.uleb128 0x2e
 925 00bf 01       		.byte	0x1
 926 00c0 3F       		.uleb128 0x3f
 927 00c1 19       		.uleb128 0x19
 928 00c2 03       		.uleb128 0x3
 929 00c3 0E       		.uleb128 0xe
 930 00c4 3A       		.uleb128 0x3a
 931 00c5 0B       		.uleb128 0xb
 932 00c6 3B       		.uleb128 0x3b
 933 00c7 05       		.uleb128 0x5
 934 00c8 27       		.uleb128 0x27
 935 00c9 19       		.uleb128 0x19
 936 00ca 11       		.uleb128 0x11
 937 00cb 01       		.uleb128 0x1
 938 00cc 12       		.uleb128 0x12
 939 00cd 06       		.uleb128 0x6
 940 00ce 40       		.uleb128 0x40
 941 00cf 18       		.uleb128 0x18
 942 00d0 9742     		.uleb128 0x2117
 943 00d2 19       		.uleb128 0x19
 944 00d3 01       		.uleb128 0x1
 945 00d4 13       		.uleb128 0x13
 946 00d5 00       		.byte	0
 947 00d6 00       		.byte	0
 948 00d7 10       		.uleb128 0x10
 949 00d8 0B       		.uleb128 0xb
 950 00d9 01       		.byte	0x1
 951 00da 11       		.uleb128 0x11
 952 00db 01       		.uleb128 0x1
 953 00dc 12       		.uleb128 0x12
 954 00dd 06       		.uleb128 0x6
 955 00de 01       		.uleb128 0x1
 956 00df 13       		.uleb128 0x13
 957 00e0 00       		.byte	0
 958 00e1 00       		.byte	0
 959 00e2 11       		.uleb128 0x11
 960 00e3 13       		.uleb128 0x13
 961 00e4 01       		.byte	0x1
 962 00e5 0B       		.uleb128 0xb
 963 00e6 0B       		.uleb128 0xb
 964 00e7 3A       		.uleb128 0x3a
 965 00e8 0B       		.uleb128 0xb
 966 00e9 3B       		.uleb128 0x3b
ARM GAS  C:\Users\johnn\AppData\Local\Temp\ccqItU3F.s 			page 24


 967 00ea 05       		.uleb128 0x5
 968 00eb 01       		.uleb128 0x1
 969 00ec 13       		.uleb128 0x13
 970 00ed 00       		.byte	0
 971 00ee 00       		.byte	0
 972 00ef 12       		.uleb128 0x12
 973 00f0 0D       		.uleb128 0xd
 974 00f1 00       		.byte	0
 975 00f2 03       		.uleb128 0x3
 976 00f3 0E       		.uleb128 0xe
 977 00f4 3A       		.uleb128 0x3a
 978 00f5 0B       		.uleb128 0xb
 979 00f6 3B       		.uleb128 0x3b
 980 00f7 05       		.uleb128 0x5
 981 00f8 49       		.uleb128 0x49
 982 00f9 13       		.uleb128 0x13
 983 00fa 38       		.uleb128 0x38
 984 00fb 0B       		.uleb128 0xb
 985 00fc 00       		.byte	0
 986 00fd 00       		.byte	0
 987 00fe 13       		.uleb128 0x13
 988 00ff 01       		.uleb128 0x1
 989 0100 01       		.byte	0x1
 990 0101 49       		.uleb128 0x49
 991 0102 13       		.uleb128 0x13
 992 0103 01       		.uleb128 0x1
 993 0104 13       		.uleb128 0x13
 994 0105 00       		.byte	0
 995 0106 00       		.byte	0
 996 0107 14       		.uleb128 0x14
 997 0108 21       		.uleb128 0x21
 998 0109 00       		.byte	0
 999 010a 49       		.uleb128 0x49
 1000 010b 13       		.uleb128 0x13
 1001 010c 2F       		.uleb128 0x2f
 1002 010d 0B       		.uleb128 0xb
 1003 010e 00       		.byte	0
 1004 010f 00       		.byte	0
 1005 0110 15       		.uleb128 0x15
 1006 0111 26       		.uleb128 0x26
 1007 0112 00       		.byte	0
 1008 0113 49       		.uleb128 0x49
 1009 0114 13       		.uleb128 0x13
 1010 0115 00       		.byte	0
 1011 0116 00       		.byte	0
 1012 0117 16       		.uleb128 0x16
 1013 0118 34       		.uleb128 0x34
 1014 0119 00       		.byte	0
 1015 011a 03       		.uleb128 0x3
 1016 011b 0E       		.uleb128 0xe
 1017 011c 3A       		.uleb128 0x3a
 1018 011d 0B       		.uleb128 0xb
 1019 011e 3B       		.uleb128 0x3b
 1020 011f 05       		.uleb128 0x5
 1021 0120 49       		.uleb128 0x49
 1022 0121 13       		.uleb128 0x13
 1023 0122 02       		.uleb128 0x2
ARM GAS  C:\Users\johnn\AppData\Local\Temp\ccqItU3F.s 			page 25


 1024 0123 18       		.uleb128 0x18
 1025 0124 00       		.byte	0
 1026 0125 00       		.byte	0
 1027 0126 17       		.uleb128 0x17
 1028 0127 34       		.uleb128 0x34
 1029 0128 00       		.byte	0
 1030 0129 03       		.uleb128 0x3
 1031 012a 08       		.uleb128 0x8
 1032 012b 3A       		.uleb128 0x3a
 1033 012c 0B       		.uleb128 0xb
 1034 012d 3B       		.uleb128 0x3b
 1035 012e 05       		.uleb128 0x5
 1036 012f 49       		.uleb128 0x49
 1037 0130 13       		.uleb128 0x13
 1038 0131 02       		.uleb128 0x2
 1039 0132 17       		.uleb128 0x17
 1040 0133 00       		.byte	0
 1041 0134 00       		.byte	0
 1042 0135 18       		.uleb128 0x18
 1043 0136 0B       		.uleb128 0xb
 1044 0137 01       		.byte	0x1
 1045 0138 11       		.uleb128 0x11
 1046 0139 01       		.uleb128 0x1
 1047 013a 12       		.uleb128 0x12
 1048 013b 06       		.uleb128 0x6
 1049 013c 00       		.byte	0
 1050 013d 00       		.byte	0
 1051 013e 19       		.uleb128 0x19
 1052 013f 0F       		.uleb128 0xf
 1053 0140 00       		.byte	0
 1054 0141 0B       		.uleb128 0xb
 1055 0142 0B       		.uleb128 0xb
 1056 0143 49       		.uleb128 0x49
 1057 0144 13       		.uleb128 0x13
 1058 0145 00       		.byte	0
 1059 0146 00       		.byte	0
 1060 0147 1A       		.uleb128 0x1a
 1061 0148 2E       		.uleb128 0x2e
 1062 0149 00       		.byte	0
 1063 014a 3F       		.uleb128 0x3f
 1064 014b 19       		.uleb128 0x19
 1065 014c 3C       		.uleb128 0x3c
 1066 014d 19       		.uleb128 0x19
 1067 014e 6E       		.uleb128 0x6e
 1068 014f 0E       		.uleb128 0xe
 1069 0150 03       		.uleb128 0x3
 1070 0151 0E       		.uleb128 0xe
 1071 0152 00       		.byte	0
 1072 0153 00       		.byte	0
 1073 0154 1B       		.uleb128 0x1b
 1074 0155 2E       		.uleb128 0x2e
 1075 0156 00       		.byte	0
 1076 0157 3F       		.uleb128 0x3f
 1077 0158 19       		.uleb128 0x19
 1078 0159 3C       		.uleb128 0x3c
 1079 015a 19       		.uleb128 0x19
 1080 015b 6E       		.uleb128 0x6e
ARM GAS  C:\Users\johnn\AppData\Local\Temp\ccqItU3F.s 			page 26


 1081 015c 0E       		.uleb128 0xe
 1082 015d 03       		.uleb128 0x3
 1083 015e 0E       		.uleb128 0xe
 1084 015f 3A       		.uleb128 0x3a
 1085 0160 0B       		.uleb128 0xb
 1086 0161 3B       		.uleb128 0x3b
 1087 0162 0B       		.uleb128 0xb
 1088 0163 00       		.byte	0
 1089 0164 00       		.byte	0
 1090 0165 00       		.byte	0
 1091              		.section	.debug_loc,"",%progbits
 1092              	.Ldebug_loc0:
 1093              	.LLST0:
 1094 0000 00000000 		.4byte	.LVL0
 1095 0004 09000000 		.4byte	.LVL2-1
 1096 0008 0100     		.2byte	0x1
 1097 000a 50       		.byte	0x50
 1098 000b 09000000 		.4byte	.LVL2-1
 1099 000f 0C000000 		.4byte	.LFE2
 1100 0013 0400     		.2byte	0x4
 1101 0015 F3       		.byte	0xf3
 1102 0016 01       		.uleb128 0x1
 1103 0017 50       		.byte	0x50
 1104 0018 9F       		.byte	0x9f
 1105 0019 00000000 		.4byte	0
 1106 001d 00000000 		.4byte	0
 1107              	.LLST1:
 1108 0021 00000000 		.4byte	.LVL0
 1109 0025 06000000 		.4byte	.LVL1
 1110 0029 0100     		.2byte	0x1
 1111 002b 51       		.byte	0x51
 1112 002c 06000000 		.4byte	.LVL1
 1113 0030 09000000 		.4byte	.LVL2-1
 1114 0034 0100     		.2byte	0x1
 1115 0036 52       		.byte	0x52
 1116 0037 09000000 		.4byte	.LVL2-1
 1117 003b 0C000000 		.4byte	.LFE2
 1118 003f 0400     		.2byte	0x4
 1119 0041 F3       		.byte	0xf3
 1120 0042 01       		.uleb128 0x1
 1121 0043 51       		.byte	0x51
 1122 0044 9F       		.byte	0x9f
 1123 0045 00000000 		.4byte	0
 1124 0049 00000000 		.4byte	0
 1125              	.LLST2:
 1126 004d E2000000 		.4byte	.LVL11
 1127 0051 E6000000 		.4byte	.LVL12
 1128 0055 0200     		.2byte	0x2
 1129 0057 30       		.byte	0x30
 1130 0058 9F       		.byte	0x9f
 1131 0059 E6000000 		.4byte	.LVL12
 1132 005d 04010000 		.4byte	.LVL14
 1133 0061 0100     		.2byte	0x1
 1134 0063 54       		.byte	0x54
 1135 0064 06010000 		.4byte	.LVL15
 1136 0068 38010000 		.4byte	.LVL18
 1137 006c 0100     		.2byte	0x1
ARM GAS  C:\Users\johnn\AppData\Local\Temp\ccqItU3F.s 			page 27


 1138 006e 54       		.byte	0x54
 1139 006f 00000000 		.4byte	0
 1140 0073 00000000 		.4byte	0
 1141              	.LLST3:
 1142 0077 E6000000 		.4byte	.LVL12
 1143 007b 04010000 		.4byte	.LVL14
 1144 007f 0B00     		.2byte	0xb
 1145 0081 74       		.byte	0x74
 1146 0082 00       		.sleb128 0
 1147 0083 36       		.byte	0x36
 1148 0084 1E       		.byte	0x1e
 1149 0085 03       		.byte	0x3
 1150 0086 00000000 		.4byte	cfg_memset_list.4884
 1151 008a 22       		.byte	0x22
 1152 008b 9F       		.byte	0x9f
 1153 008c 04010000 		.4byte	.LVL14
 1154 0090 06010000 		.4byte	.LVL15
 1155 0094 0B00     		.2byte	0xb
 1156 0096 74       		.byte	0x74
 1157 0097 7F       		.sleb128 -1
 1158 0098 36       		.byte	0x36
 1159 0099 1E       		.byte	0x1e
 1160 009a 03       		.byte	0x3
 1161 009b 00000000 		.4byte	cfg_memset_list.4884
 1162 009f 22       		.byte	0x22
 1163 00a0 9F       		.byte	0x9f
 1164 00a1 00000000 		.4byte	0
 1165 00a5 00000000 		.4byte	0
 1166              		.section	.debug_aranges,"",%progbits
 1167 0000 34000000 		.4byte	0x34
 1168 0004 0200     		.2byte	0x2
 1169 0006 00000000 		.4byte	.Ldebug_info0
 1170 000a 04       		.byte	0x4
 1171 000b 00       		.byte	0
 1172 000c 0000     		.2byte	0
 1173 000e 0000     		.2byte	0
 1174 0010 00000000 		.4byte	.LFB6
 1175 0014 20000000 		.4byte	.LFE6-.LFB6
 1176 0018 00000000 		.4byte	.LFB2
 1177 001c 0C000000 		.4byte	.LFE2-.LFB2
 1178 0020 00000000 		.4byte	.LFB5
 1179 0024 D8000000 		.4byte	.LFE5-.LFB5
 1180 0028 D8000000 		.4byte	.LFB7
 1181 002c 88000000 		.4byte	.LFE7-.LFB7
 1182 0030 00000000 		.4byte	0
 1183 0034 00000000 		.4byte	0
 1184              		.section	.debug_ranges,"",%progbits
 1185              	.Ldebug_ranges0:
 1186 0000 00000000 		.4byte	.LFB6
 1187 0004 20000000 		.4byte	.LFE6
 1188 0008 00000000 		.4byte	.LFB2
 1189 000c 0C000000 		.4byte	.LFE2
 1190 0010 00000000 		.4byte	.LFB5
 1191 0014 D8000000 		.4byte	.LFE5
 1192 0018 D8000000 		.4byte	.LFB7
 1193 001c 60010000 		.4byte	.LFE7
 1194 0020 00000000 		.4byte	0
ARM GAS  C:\Users\johnn\AppData\Local\Temp\ccqItU3F.s 			page 28


 1195 0024 00000000 		.4byte	0
 1196              		.section	.debug_line,"",%progbits
 1197              	.Ldebug_line0:
 1198 0000 58010000 		.section	.debug_str,"MS",%progbits,1
 1198      0200E300 
 1198      00000201 
 1198      FB0E0D00 
 1198      01010101 
 1199              	.LASF27:
 1200 0000 43794465 		.ascii	"CyDelayCycles\000"
 1200      6C617943 
 1200      79636C65 
 1200      7300
 1201              	.LASF19:
 1202 000e 72656733 		.ascii	"reg32\000"
 1202      3200
 1203              	.LASF12:
 1204 0014 73697A65 		.ascii	"size_t\000"
 1204      5F7400
 1205              	.LASF37:
 1206 001b 416E616C 		.ascii	"AnalogSetDefault\000"
 1206      6F675365 
 1206      74446566 
 1206      61756C74 
 1206      00
 1207              	.LASF32:
 1208 002c 4379496E 		.ascii	"CyIntSetVector\000"
 1208      74536574 
 1208      56656374 
 1208      6F7200
 1209              	.LASF25:
 1210 003b 6366675F 		.ascii	"cfg_memset_list\000"
 1210      6D656D73 
 1210      65745F6C 
 1210      69737400 
 1211              	.LASF21:
 1212 004b 436C6F63 		.ascii	"ClockSetup\000"
 1212      6B536574 
 1212      757000
 1213              	.LASF6:
 1214 0056 73686F72 		.ascii	"short unsigned int\000"
 1214      7420756E 
 1214      7369676E 
 1214      65642069 
 1214      6E7400
 1215              	.LASF16:
 1216 0069 666C6F61 		.ascii	"float\000"
 1216      7400
 1217              	.LASF23:
 1218 006f 73697A65 		.ascii	"size\000"
 1218      00
 1219              	.LASF28:
 1220 0074 43795379 		.ascii	"CySysClkWcoSetPowerMode\000"
 1220      73436C6B 
 1220      57636F53 
 1220      6574506F 
 1220      7765724D 
ARM GAS  C:\Users\johnn\AppData\Local\Temp\ccqItU3F.s 			page 29


 1221              	.LASF18:
 1222 008c 72656738 		.ascii	"reg8\000"
 1222      00
 1223              	.LASF8:
 1224 0091 6C6F6E67 		.ascii	"long unsigned int\000"
 1224      20756E73 
 1224      69676E65 
 1224      6420696E 
 1224      7400
 1225              	.LASF13:
 1226 00a3 75696E74 		.ascii	"uint8\000"
 1226      3800
 1227              	.LASF26:
 1228 00a9 43795379 		.ascii	"CySysClkWcoStart\000"
 1228      73436C6B 
 1228      57636F53 
 1228      74617274 
 1228      00
 1229              	.LASF20:
 1230 00ba 43594D45 		.ascii	"CYMEMZERO\000"
 1230      4D5A4552 
 1230      4F00
 1231              	.LASF4:
 1232 00c4 756E7369 		.ascii	"unsigned char\000"
 1232      676E6564 
 1232      20636861 
 1232      7200
 1233              	.LASF39:
 1234 00d2 6D656D73 		.ascii	"memset\000"
 1234      657400
 1235              	.LASF17:
 1236 00d9 646F7562 		.ascii	"double\000"
 1236      6C6500
 1237              	.LASF33:
 1238 00e0 4379496E 		.ascii	"CyIntEnable\000"
 1238      74456E61 
 1238      626C6500 
 1239              	.LASF14:
 1240 00ec 75696E74 		.ascii	"uint16\000"
 1240      313600
 1241              	.LASF15:
 1242 00f3 75696E74 		.ascii	"uint32\000"
 1242      333200
 1243              	.LASF0:
 1244 00fa 756E7369 		.ascii	"unsigned int\000"
 1244      676E6564 
 1244      20696E74 
 1244      00
 1245              	.LASF38:
 1246 0107 63796669 		.ascii	"cyfitter_cfg\000"
 1246      74746572 
 1246      5F636667 
 1246      00
 1247              	.LASF22:
 1248 0114 61646472 		.ascii	"address\000"
 1248      65737300 
 1249              	.LASF9:
ARM GAS  C:\Users\johnn\AppData\Local\Temp\ccqItU3F.s 			page 30


 1250 011c 6C6F6E67 		.ascii	"long long unsigned int\000"
 1250      206C6F6E 
 1250      6720756E 
 1250      7369676E 
 1250      65642069 
 1251              	.LASF36:
 1252 0133 433A5C55 		.ascii	"C:\\Users\\johnn\\Documents\\PSoC Creator\\Kevin_BL"
 1252      73657273 
 1252      5C6A6F68 
 1252      6E6E5C44 
 1252      6F63756D 
 1253 0161 455F4932 		.ascii	"E_I2C.cydsn\000"
 1253      432E6379 
 1253      64736E00 
 1254              	.LASF34:
 1255 016d 474E5520 		.ascii	"GNU C11 5.4.1 20160609 (release) [ARM/embedded-5-br"
 1255      43313120 
 1255      352E342E 
 1255      31203230 
 1255      31363036 
 1256 01a0 616E6368 		.ascii	"anch revision 237715] -mcpu=cortex-m0 -mthumb -g -O"
 1256      20726576 
 1256      6973696F 
 1256      6E203233 
 1256      37373135 
 1257 01d3 67202D66 		.ascii	"g -ffunction-sections -ffat-lto-objects\000"
 1257      66756E63 
 1257      74696F6E 
 1257      2D736563 
 1257      74696F6E 
 1258              	.LASF24:
 1259 01fb 6366675F 		.ascii	"cfg_memset_t\000"
 1259      6D656D73 
 1259      65745F74 
 1259      00
 1260              	.LASF10:
 1261 0208 73697A65 		.ascii	"sizetype\000"
 1261      74797065 
 1261      00
 1262              	.LASF1:
 1263 0211 6C6F6E67 		.ascii	"long long int\000"
 1263      206C6F6E 
 1263      6720696E 
 1263      7400
 1264              	.LASF31:
 1265 021f 43794465 		.ascii	"CyDelayUs\000"
 1265      6C617955 
 1265      7300
 1266              	.LASF11:
 1267 0229 63686172 		.ascii	"char\000"
 1267      00
 1268              	.LASF30:
 1269 022e 43795379 		.ascii	"CySysClkEcoStart\000"
 1269      73436C6B 
 1269      45636F53 
 1269      74617274 
 1269      00
ARM GAS  C:\Users\johnn\AppData\Local\Temp\ccqItU3F.s 			page 31


 1270              	.LASF5:
 1271 023f 73686F72 		.ascii	"short int\000"
 1271      7420696E 
 1271      7400
 1272              	.LASF29:
 1273 0249 43795379 		.ascii	"CySysClkWriteImoFreq\000"
 1273      73436C6B 
 1273      57726974 
 1273      65496D6F 
 1273      46726571 
 1274              	.LASF7:
 1275 025e 6C6F6E67 		.ascii	"long int\000"
 1275      20696E74 
 1275      00
 1276              	.LASF2:
 1277 0267 6C6F6E67 		.ascii	"long double\000"
 1277      20646F75 
 1277      626C6500 
 1278              	.LASF3:
 1279 0273 7369676E 		.ascii	"signed char\000"
 1279      65642063 
 1279      68617200 
 1280              	.LASF35:
 1281 027f 47656E65 		.ascii	"Generated_Source\\PSoC4\\cyfitter_cfg.c\000"
 1281      72617465 
 1281      645F536F 
 1281      75726365 
 1281      5C50536F 
 1282              		.ident	"GCC: (GNU Tools for ARM Embedded Processors) 5.4.1 20160609 (release) [ARM/embedded-5-bran
